Archive member included to satisfy reference by file (symbol)

/usr/lib/gcc/arm-none-eabi/10.3.1/../../../arm-none-eabi/lib/thumb/v6-m/nofp/libstdc++.a(functexcept.o)
                              CMakeFiles/morse.dir/morse.cpp.obj (std::__throw_logic_error(char const*))
/usr/lib/gcc/arm-none-eabi/10.3.1/../../../arm-none-eabi/lib/thumb/v6-m/nofp/libstdc++.a(snprintf_lite.o)
                              /usr/lib/gcc/arm-none-eabi/10.3.1/../../../arm-none-eabi/lib/thumb/v6-m/nofp/libstdc++.a(functexcept.o) (__gnu_cxx::__snprintf_lite(char*, unsigned int, char const*, std::__va_list))
/usr/lib/gcc/arm-none-eabi/10.3.1/../../../arm-none-eabi/lib/thumb/v6-m/nofp/libstdc++.a(string-inst.o)
                              CMakeFiles/morse.dir/morse.cpp.obj (std::__cxx11::basic_string<char, std::char_traits<char>, std::allocator<char> >::_M_create(unsigned int&, unsigned int))
/usr/lib/gcc/arm-none-eabi/10.3.1/../../../arm-none-eabi/lib/thumb/v6-m/nofp/libstdc++.a(bad_alloc.o)
                              /usr/lib/gcc/arm-none-eabi/10.3.1/../../../arm-none-eabi/lib/thumb/v6-m/nofp/libstdc++.a(functexcept.o) (std::bad_alloc::~bad_alloc())
/usr/lib/gcc/arm-none-eabi/10.3.1/../../../arm-none-eabi/lib/thumb/v6-m/nofp/libstdc++.a(bad_cast.o)
                              /usr/lib/gcc/arm-none-eabi/10.3.1/../../../arm-none-eabi/lib/thumb/v6-m/nofp/libstdc++.a(functexcept.o) (std::bad_cast::~bad_cast())
/usr/lib/gcc/arm-none-eabi/10.3.1/../../../arm-none-eabi/lib/thumb/v6-m/nofp/libstdc++.a(bad_typeid.o)
                              /usr/lib/gcc/arm-none-eabi/10.3.1/../../../arm-none-eabi/lib/thumb/v6-m/nofp/libstdc++.a(functexcept.o) (std::bad_typeid::~bad_typeid())
/usr/lib/gcc/arm-none-eabi/10.3.1/../../../arm-none-eabi/lib/thumb/v6-m/nofp/libstdc++.a(eh_alloc.o)
                              /usr/lib/gcc/arm-none-eabi/10.3.1/../../../arm-none-eabi/lib/thumb/v6-m/nofp/libstdc++.a(functexcept.o) (__cxa_allocate_exception)
/usr/lib/gcc/arm-none-eabi/10.3.1/../../../arm-none-eabi/lib/thumb/v6-m/nofp/libstdc++.a(eh_arm.o)
                              /usr/lib/gcc/arm-none-eabi/10.3.1/../../../arm-none-eabi/lib/thumb/v6-m/nofp/libstdc++.a(functexcept.o) (__cxa_end_cleanup)
/usr/lib/gcc/arm-none-eabi/10.3.1/../../../arm-none-eabi/lib/thumb/v6-m/nofp/libstdc++.a(eh_catch.o)
                              /usr/lib/gcc/arm-none-eabi/10.3.1/../../../arm-none-eabi/lib/thumb/v6-m/nofp/libstdc++.a(string-inst.o) (__cxa_begin_catch)
/usr/lib/gcc/arm-none-eabi/10.3.1/../../../arm-none-eabi/lib/thumb/v6-m/nofp/libstdc++.a(eh_exception.o)
                              /usr/lib/gcc/arm-none-eabi/10.3.1/../../../arm-none-eabi/lib/thumb/v6-m/nofp/libstdc++.a(bad_alloc.o) (std::exception::~exception())
/usr/lib/gcc/arm-none-eabi/10.3.1/../../../arm-none-eabi/lib/thumb/v6-m/nofp/libstdc++.a(eh_globals.o)
                              /usr/lib/gcc/arm-none-eabi/10.3.1/../../../arm-none-eabi/lib/thumb/v6-m/nofp/libstdc++.a(eh_catch.o) (__cxa_get_globals_fast)
/usr/lib/gcc/arm-none-eabi/10.3.1/../../../arm-none-eabi/lib/thumb/v6-m/nofp/libstdc++.a(eh_personality.o)
                              /usr/lib/gcc/arm-none-eabi/10.3.1/../../../arm-none-eabi/lib/thumb/v6-m/nofp/libstdc++.a(functexcept.o) (__gxx_personality_v0)
/usr/lib/gcc/arm-none-eabi/10.3.1/../../../arm-none-eabi/lib/thumb/v6-m/nofp/libstdc++.a(eh_terminate.o)
                              /usr/lib/gcc/arm-none-eabi/10.3.1/../../../arm-none-eabi/lib/thumb/v6-m/nofp/libstdc++.a(eh_alloc.o) (std::terminate())
/usr/lib/gcc/arm-none-eabi/10.3.1/../../../arm-none-eabi/lib/thumb/v6-m/nofp/libstdc++.a(eh_throw.o)
                              /usr/lib/gcc/arm-none-eabi/10.3.1/../../../arm-none-eabi/lib/thumb/v6-m/nofp/libstdc++.a(functexcept.o) (__cxa_throw)
/usr/lib/gcc/arm-none-eabi/10.3.1/../../../arm-none-eabi/lib/thumb/v6-m/nofp/libstdc++.a(eh_unex_handler.o)
                              /usr/lib/gcc/arm-none-eabi/10.3.1/../../../arm-none-eabi/lib/thumb/v6-m/nofp/libstdc++.a(eh_terminate.o) (__cxxabiv1::__unexpected_handler)
/usr/lib/gcc/arm-none-eabi/10.3.1/../../../arm-none-eabi/lib/thumb/v6-m/nofp/libstdc++.a(pure.o)
                              /usr/lib/gcc/arm-none-eabi/10.3.1/../../../arm-none-eabi/lib/thumb/v6-m/nofp/libstdc++.a(eh_exception.o) (__cxa_pure_virtual)
/usr/lib/gcc/arm-none-eabi/10.3.1/../../../arm-none-eabi/lib/thumb/v6-m/nofp/libstdc++.a(si_class_type_info.o)
                              /usr/lib/gcc/arm-none-eabi/10.3.1/../../../arm-none-eabi/lib/thumb/v6-m/nofp/libstdc++.a(bad_alloc.o) (vtable for __cxxabiv1::__si_class_type_info)
/usr/lib/gcc/arm-none-eabi/10.3.1/../../../arm-none-eabi/lib/thumb/v6-m/nofp/libstdc++.a(tinfo.o)
                              /usr/lib/gcc/arm-none-eabi/10.3.1/../../../arm-none-eabi/lib/thumb/v6-m/nofp/libstdc++.a(si_class_type_info.o) (std::type_info::__is_pointer_p() const)
/usr/lib/gcc/arm-none-eabi/10.3.1/../../../arm-none-eabi/lib/thumb/v6-m/nofp/libstdc++.a(stdexcept.o)
[...]
Memory Configuration

Name             Origin             Length             Attributes
FLASH            0x0000000010000000 0x0000000000200000 xr
RAM              0x0000000020000000 0x0000000000040000 xrw
SCRATCH_X        0x0000000020040000 0x0000000000001000 xrw
SCRATCH_Y        0x0000000020041000 0x0000000000001000 xrw
*default*        0x0000000000000000 0xffffffffffffffff

Linker script and memory map

LOAD /usr/lib/gcc/arm-none-eabi/10.3.1/thumb/v6-m/nofp/crti.o
LOAD /usr/lib/gcc/arm-none-eabi/10.3.1/thumb/v6-m/nofp/crtbegin.o
LOAD /usr/lib/gcc/arm-none-eabi/10.3.1/../../../arm-none-eabi/lib/thumb/v6-m/nofp/crt0.o

.flash_begin    0x0000000010000000        0x0
                0x0000000010000000                __flash_binary_start = .

.boot2          0x0000000010000000      0x100
                0x0000000010000000                __boot2_start__ = .
 *(.boot2)
 .boot2         0x0000000010000000      0x100 /tmp/ccP7QTXd.o
                0x0000000010000100                __boot2_end__ = .
                0x0000000000000001                ASSERT (((__boot2_end__ - __boot2_start__) == 0x100), ERROR: Pico second stage bootloader must be 256 bytes in size)

.text           0x0000000010000100     0x6e80
                0x0000000010000100                __logical_binary_start = .
 *(.vectors)
 .vectors       0x0000000010000100       0xd4 CMakeFiles/morse.dir/home/lam/pico/pico-sdk/src/rp2_common/pico_standard_link/crt0.S.obj
                0x0000000010000100                __vectors
                0x0000000010000100                __VECTOR_TABLE
                0x00000000100001c0                isr_invalid
                0x00000000100001c0                __default_isrs_start
                0x00000000100001c2                isr_nmi
                0x00000000100001c4                isr_hardfault
                0x00000000100001c6                isr_svcall
                0x00000000100001c8                isr_pendsv
                0x00000000100001ca                isr_systick
                0x00000000100001cc                isr_irq30
                0x00000000100001cc                __unhandled_user_irq
                0x00000000100001cc                isr_irq13
                0x00000000100001cc                isr_irq27
                0x00000000100001cc                isr_irq31
                0x00000000100001cc                isr_irq5
                0x00000000100001cc                isr_irq11
                0x00000000100001cc                isr_irq23
                0x00000000100001cc                isr_irq18
                0x00000000100001cc                isr_irq28
                0x00000000100001cc                isr_irq19
                0x00000000100001cc                isr_irq0
                0x00000000100001cc                isr_irq6
                0x00000000100001cc                isr_irq22
                0x00000000100001cc                isr_irq17
                0x00000000100001cc                isr_irq14
                0x00000000100001cc                isr_irq2
                0x00000000100001cc                isr_irq10
                0x00000000100001cc                isr_irq8
                0x00000000100001cc                isr_irq24
                0x00000000100001cc                isr_irq1
                0x00000000100001cc                isr_irq7
                0x00000000100001cc                isr_irq21
                0x00000000100001cc                isr_irq20
                0x00000000100001cc                isr_irq15
                0x00000000100001cc                isr_irq25
                0x00000000100001cc                isr_irq4
                0x00000000100001cc                isr_irq16
                0x00000000100001cc                isr_irq29
                0x00000000100001cc                isr_irq26
                0x00000000100001cc                __default_isrs_end
                0x00000000100001cc                isr_irq3
                0x00000000100001cc                isr_irq12
                0x00000000100001cc                isr_irq9
                0x00000000100001d2                unhandled_user_irq_num_in_r0
 *(.binary_info_header)
 .binary_info_header
                0x00000000100001d4       0x14 CMakeFiles/morse.dir/home/lam/pico/pico-sdk/src/rp2_common/pico_standard_link/crt0.S.obj
                0x00000000100001e8                __binary_info_header_end = .
 *(.reset)
 .reset         0x00000000100001e8       0xa0 CMakeFiles/morse.dir/home/lam/pico/pico-sdk/src/rp2_common/pico_standard_link/crt0.S.obj
                0x00000000100001e8                _entry_point
 .reset         0x0000000010000288       0x30 CMakeFiles/morse.dir/home/lam/pico/pico-sdk/src/rp2_common/pico_standard_link/binary_info.c.obj
 *(.init)
 .init          0x00000000100002b8        0x4 /usr/lib/gcc/arm-none-eabi/10.3.1/thumb/v6-m/nofp/crti.o
                0x00000000100002b8                _init
 *(EXCLUDE_FILE(*libm.a: *libc.a:*lib_a-mem*.o *libgcc.a:) .text*)
 .text          0x00000000100002bc       0x98 /usr/lib/gcc/arm-none-eabi/10.3.1/thumb/v6-m/nofp/crtbegin.o
 .text._Z10strToMorseNSt7__cxx1112basic_stringIcSt11char_traitsIcESaIcEEE
                0x0000000010000354      0x4a0 CMakeFiles/morse.dir/morse.cpp.obj
                0x0000000010000354                strToMorse(std::__cxx11::basic_string<char, std::char_traits<char>, std::allocator<char> >)
 .text.startup.main
                0x00000000100007f4      0x1cc CMakeFiles/morse.dir/morse.cpp.obj
                0x00000000100007f4                main
 .text.gpio_init
                0x00000000100009c0       0x3c CMakeFiles/morse.dir/home/lam/pico/pico-sdk/src/rp2_common/hardware_gpio/gpio.c.obj
                0x00000000100009c0                gpio_init
 .text.running_on_fpga
                0x00000000100009fc       0x10 CMakeFiles/morse.dir/home/lam/pico/pico-sdk/src/rp2_common/pico_platform/platform.c.obj
                0x00000000100009fc                running_on_fpga
 .text.hw_claim_or_assert
                0x0000000010000a0c       0x44 CMakeFiles/morse.dir/home/lam/pico/pico-sdk/src/rp2_common/hardware_claim/claim.c.obj
                0x0000000010000a0c                hw_claim_or_assert
 .text.hw_claim_unused_from_range
                0x0000000010000a50       0x9c CMakeFiles/morse.dir/home/lam/pico/pico-sdk/src/rp2_common/hardware_claim/claim.c.obj
                0x0000000010000a50                hw_claim_unused_from_range
 .text.spin_locks_reset
                0x0000000010000aec       0x1c CMakeFiles/morse.dir/home/lam/pico/pico-sdk/src/rp2_common/hardware_sync/sync.c.obj
                0x0000000010000aec                spin_locks_reset
 .text.next_striped_spin_lock_num
                0x0000000010000b08       0x18 CMakeFiles/morse.dir/home/lam/pico/pico-sdk/src/rp2_common/hardware_sync/sync.c.obj
                0x0000000010000b08                next_striped_spin_lock_num
 .text.spin_lock_claim_unused
                0x0000000010000b20       0x20 CMakeFiles/morse.dir/home/lam/pico/pico-sdk/src/rp2_common/hardware_sync/sync.c.obj
                0x0000000010000b20                spin_lock_claim_unused
 .text.irq_set_enabled
                0x0000000010000b40       0x24 CMakeFiles/morse.dir/home/lam/pico/pico-sdk/src/rp2_common/hardware_irq/irq.c.obj
                0x0000000010000b40                irq_set_enabled
 .text.irq_set_pending
                0x0000000010000b64       0x10 CMakeFiles/morse.dir/home/lam/pico/pico-sdk/src/rp2_common/hardware_irq/irq.c.obj
                0x0000000010000b64                irq_set_pending
 .text.irq_has_shared_handler
                0x0000000010000b74       0x2c CMakeFiles/morse.dir/home/lam/pico/pico-sdk/src/rp2_common/hardware_irq/irq.c.obj
                0x0000000010000b74                irq_has_shared_handler
 .text.irq_get_vtable_handler
                0x0000000010000ba0       0x10 CMakeFiles/morse.dir/home/lam/pico/pico-sdk/src/rp2_common/hardware_irq/irq.c.obj
                0x0000000010000ba0                irq_get_vtable_handler
 .text.irq_set_exclusive_handler
                0x0000000010000bb0       0x54 CMakeFiles/morse.dir/home/lam/pico/pico-sdk/src/rp2_common/hardware_irq/irq.c.obj
                0x0000000010000bb0                irq_set_exclusive_handler
 .text.irq_add_shared_handler
                0x0000000010000c04      0x1e8 CMakeFiles/morse.dir/home/lam/pico/pico-sdk/src/rp2_common/hardware_irq/irq.c.obj
                0x0000000010000c04                irq_add_shared_handler
 .text.irq_remove_handler
                0x0000000010000dec      0x1b0 CMakeFiles/morse.dir/home/lam/pico/pico-sdk/src/rp2_common/hardware_irq/irq.c.obj
                0x0000000010000dec                irq_remove_handler
 .text.irq_add_tail_to_free_list
                0x0000000010000f9c       0xb4 CMakeFiles/morse.dir/home/lam/pico/pico-sdk/src/rp2_common/hardware_irq/irq.c.obj
                0x0000000010000f9c                irq_add_tail_to_free_list
 .text.irq_init_priorities
                0x0000000010001050       0x24 CMakeFiles/morse.dir/home/lam/pico/pico-sdk/src/rp2_common/hardware_irq/irq.c.obj
                0x0000000010001050                irq_init_priorities
 .text.user_irq_claim_unused
                0x0000000010001074       0x28 CMakeFiles/morse.dir/home/lam/pico/pico-sdk/src/rp2_common/hardware_irq/irq.c.obj
                0x0000000010001074                user_irq_claim_unused
 .text.lock_init
                0x000000001000109c       0x10 CMakeFiles/morse.dir/home/lam/pico/pico-sdk/src/common/pico_sync/lock_core.c.obj
                0x000000001000109c                lock_init
 .text.mutex_init
                0x00000000100010ac       0x1c CMakeFiles/morse.dir/home/lam/pico/pico-sdk/src/common/pico_sync/mutex.c.obj
                0x00000000100010ac                mutex_init
 .text.recursive_mutex_init
                0x00000000100010c8       0x1c CMakeFiles/morse.dir/home/lam/pico/pico-sdk/src/common/pico_sync/mutex.c.obj
                0x00000000100010c8                recursive_mutex_init
 .text.critical_section_init
                0x00000000100010e4       0x20 CMakeFiles/morse.dir/home/lam/pico/pico-sdk/src/common/pico_sync/critical_section.c.obj
                0x00000000100010e4                critical_section_init
 .text.critical_section_init_with_lock_num
                0x0000000010001104       0x14 CMakeFiles/morse.dir/home/lam/pico/pico-sdk/src/common/pico_sync/critical_section.c.obj
                0x0000000010001104                critical_section_init_with_lock_num
 .text.timer_pool_entry_comparator
                0x0000000010001118       0x34 CMakeFiles/morse.dir/home/lam/pico/pico-sdk/src/common/pico_time/time.c.obj
                0x0000000010001118                timer_pool_entry_comparator
 .text.sleep_until_callback
                0x000000001000114c       0x30 CMakeFiles/morse.dir/home/lam/pico/pico-sdk/src/common/pico_time/time.c.obj
 .text.add_alarm_under_lock.isra.0
                0x000000001000117c      0x100 CMakeFiles/morse.dir/home/lam/pico/pico-sdk/src/common/pico_time/time.c.obj
 .text.alarm_pool_alarm_callback
                0x000000001000127c      0x1bc CMakeFiles/morse.dir/home/lam/pico/pico-sdk/src/common/pico_time/time.c.obj
 .text.alarm_pool_init_default
                0x0000000010001438       0x6c CMakeFiles/morse.dir/home/lam/pico/pico-sdk/src/common/pico_time/time.c.obj
                0x0000000010001438                alarm_pool_init_default
 .text.alarm_pool_get_default
                0x00000000100014a4        0x8 CMakeFiles/morse.dir/home/lam/pico/pico-sdk/src/common/pico_time/time.c.obj
                0x00000000100014a4                alarm_pool_get_default
 .text.alarm_pool_add_alarm_at
                0x00000000100014ac      0x178 CMakeFiles/morse.dir/home/lam/pico/pico-sdk/src/common/pico_time/time.c.obj
                0x00000000100014ac                alarm_pool_add_alarm_at
 .text.alarm_pool_core_num
                0x0000000010001624        0x4 CMakeFiles/morse.dir/home/lam/pico/pico-sdk/src/common/pico_time/time.c.obj
                0x0000000010001624                alarm_pool_core_num
 .text.sleep_until
                0x0000000010001628       0xc4 CMakeFiles/morse.dir/home/lam/pico/pico-sdk/src/common/pico_time/time.c.obj
                0x0000000010001628                sleep_until
 .text.sleep_ms
                0x00000000100016ec       0x34 CMakeFiles/morse.dir/home/lam/pico/pico-sdk/src/common/pico_time/time.c.obj
                0x00000000100016ec                sleep_ms
 .text.best_effort_wfe_or_timeout
                0x0000000010001720       0xd4 CMakeFiles/morse.dir/home/lam/pico/pico-sdk/src/common/pico_time/time.c.obj
                0x0000000010001720                best_effort_wfe_or_timeout
 .text.hardware_alarm_irq_handler
                0x00000000100017f4       0xbc CMakeFiles/morse.dir/home/lam/pico/pico-sdk/src/rp2_common/hardware_timer/timer.c.obj
 .text.hardware_alarm_claim
                0x00000000100018b0       0x18 CMakeFiles/morse.dir/home/lam/pico/pico-sdk/src/rp2_common/hardware_timer/timer.c.obj
                0x00000000100018b0                hardware_alarm_claim
 .text.time_us_64
                0x00000000100018c8       0x14 CMakeFiles/morse.dir/home/lam/pico/pico-sdk/src/rp2_common/hardware_timer/timer.c.obj
                0x00000000100018c8                time_us_64
 .text.busy_wait_us
                0x00000000100018dc       0x54 CMakeFiles/morse.dir/home/lam/pico/pico-sdk/src/rp2_common/hardware_timer/timer.c.obj
                0x00000000100018dc                busy_wait_us
 .text.busy_wait_until
                0x0000000010001930       0x20 CMakeFiles/morse.dir/home/lam/pico/pico-sdk/src/rp2_common/hardware_timer/timer.c.obj
                0x0000000010001930                busy_wait_until
 .text.hardware_alarm_set_callback
                0x0000000010001950       0x8c CMakeFiles/morse.dir/home/lam/pico/pico-sdk/src/rp2_common/hardware_timer/timer.c.obj
                0x0000000010001950                hardware_alarm_set_callback
 .text.hardware_alarm_set_target
                0x00000000100019dc       0xd4 CMakeFiles/morse.dir/home/lam/pico/pico-sdk/src/rp2_common/hardware_timer/timer.c.obj
                0x00000000100019dc                hardware_alarm_set_target
 .text.hardware_alarm_cancel
                0x0000000010001ab0       0x3c CMakeFiles/morse.dir/home/lam/pico/pico-sdk/src/rp2_common/hardware_timer/timer.c.obj
                0x0000000010001ab0                hardware_alarm_cancel
 .text.ph_merge_nodes
                0x0000000010001aec       0x68 CMakeFiles/morse.dir/home/lam/pico/pico-sdk/src/common/pico_util/pheap.c.obj
 .text.ph_post_alloc_init
                0x0000000010001b54       0x3c CMakeFiles/morse.dir/home/lam/pico/pico-sdk/src/common/pico_util/pheap.c.obj
                0x0000000010001b54                ph_post_alloc_init
 .text.ph_merge_two_pass
                0x0000000010001b90       0x90 CMakeFiles/morse.dir/home/lam/pico/pico-sdk/src/common/pico_util/pheap.c.obj
                0x0000000010001b90                ph_merge_two_pass
 .text.ph_remove_any_head
                0x0000000010001c20      0x100 CMakeFiles/morse.dir/home/lam/pico/pico-sdk/src/common/pico_util/pheap.c.obj
 .text.ph_remove_head
                0x0000000010001d20      0x104 CMakeFiles/morse.dir/home/lam/pico/pico-sdk/src/common/pico_util/pheap.c.obj
                0x0000000010001d20                ph_remove_head
 .text.ph_remove_and_free_node
                0x0000000010001e24       0x7c CMakeFiles/morse.dir/home/lam/pico/pico-sdk/src/common/pico_util/pheap.c.obj
                0x0000000010001e24                ph_remove_and_free_node
 .text.clocks_init
                0x0000000010001ea0      0x2d0 CMakeFiles/morse.dir/home/lam/pico/pico-sdk/src/rp2_common/hardware_clocks/clocks.c.obj
                0x0000000010001ea0                clocks_init
 .text.pll_init
                0x0000000010002170       0xa0 CMakeFiles/morse.dir/home/lam/pico/pico-sdk/src/rp2_common/hardware_pll/pll.c.obj
                0x0000000010002170                pll_init
 .text.watchdog_start_tick
                0x0000000010002210       0x10 CMakeFiles/morse.dir/home/lam/pico/pico-sdk/src/rp2_common/hardware_watchdog/watchdog.c.obj
                0x0000000010002210                watchdog_start_tick
 .text.watchdog_reboot
                0x0000000010002220       0x98 CMakeFiles/morse.dir/home/lam/pico/pico-sdk/src/rp2_common/hardware_watchdog/watchdog.c.obj
                0x0000000010002220                watchdog_reboot
 .text.xosc_init
                0x00000000100022b8       0x28 CMakeFiles/morse.dir/home/lam/pico/pico-sdk/src/rp2_common/hardware_xosc/xosc.c.obj
                0x00000000100022b8                xosc_init
 .text.runtime_init
                0x00000000100022e0       0xf0 CMakeFiles/morse.dir/home/lam/pico/pico-sdk/src/rp2_common/pico_runtime/runtime.c.obj
                0x00000000100022e0                runtime_init
 .text._exit    0x00000000100023d0        0x4 CMakeFiles/morse.dir/home/lam/pico/pico-sdk/src/rp2_common/pico_runtime/runtime.c.obj
                0x00000000100023d0                _exit
 .text._sbrk    0x00000000100023d4       0x34 CMakeFiles/morse.dir/home/lam/pico/pico-sdk/src/rp2_common/pico_runtime/runtime.c.obj
                0x00000000100023d4                _sbrk
 .text._getpid  0x0000000010002408        0x4 CMakeFiles/morse.dir/home/lam/pico/pico-sdk/src/rp2_common/pico_runtime/runtime.c.obj
                0x0000000010002408                _getpid
 .text._kill    0x000000001000240c        0x8 CMakeFiles/morse.dir/home/lam/pico/pico-sdk/src/rp2_common/pico_runtime/runtime.c.obj
                0x000000001000240c                _kill
 .text.exit     0x0000000010002414        0x8 CMakeFiles/morse.dir/home/lam/pico/pico-sdk/src/rp2_common/pico_runtime/runtime.c.obj
                0x0000000010002414                exit
 .text.panic    0x000000001000241c       0x30 CMakeFiles/morse.dir/home/lam/pico/pico-sdk/src/rp2_common/pico_runtime/runtime.c.obj
                0x000000001000241c                panic
 .text.hard_assertion_failure
                0x000000001000244c        0xc CMakeFiles/morse.dir/home/lam/pico/pico-sdk/src/rp2_common/pico_runtime/runtime.c.obj
                0x000000001000244c                hard_assertion_failure
 .text._out_char
                0x0000000010002458       0x10 CMakeFiles/morse.dir/home/lam/pico/pico-sdk/src/rp2_common/pico_printf/printf.c.obj
 .text.weak_raw_vprintf
                0x0000000010002468       0x30 CMakeFiles/morse.dir/home/lam/pico/pico-sdk/src/rp2_common/pico_printf/printf.c.obj
                0x0000000010002468                weak_raw_vprintf
 .text          0x0000000010002498       0x10 CMakeFiles/morse.dir/home/lam/pico/pico-sdk/src/rp2_common/pico_bit_ops/bit_ops_aeabi.S.obj
 .text.rom_func_lookup
                0x00000000100024a8       0x10 CMakeFiles/morse.dir/home/lam/pico/pico-sdk/src/rp2_common/pico_bootrom/bootrom.c.obj
                0x00000000100024a8                rom_func_lookup
 .text.rom_data_lookup
                0x00000000100024b8       0x10 CMakeFiles/morse.dir/home/lam/pico/pico-sdk/src/rp2_common/pico_bootrom/bootrom.c.obj
                0x00000000100024b8                rom_data_lookup
 .text.rom_funcs_lookup
                0x00000000100024c8       0x44 CMakeFiles/morse.dir/home/lam/pico/pico-sdk/src/rp2_common/pico_bootrom/bootrom.c.obj
                0x00000000100024c8                rom_funcs_lookup
 .text.__wrap___aeabi_uidiv
                0x000000001000250c       0x4c CMakeFiles/morse.dir/home/lam/pico/pico-sdk/src/rp2_common/pico_divider/divider.S.obj
                0x000000001000250c                __wrap___aeabi_uidiv
                0x000000001000250c                __wrap___aeabi_uidivmod
                0x000000001000250c                div_u32u32
                0x000000001000250c                divmod_u32u32
                0x0000000010002514                divmod_u32u32_unsafe
                0x000000001000253c                divmod_u32u32_savestate
 .text.__aeabi_double_init
                0x0000000010002558       0x94 CMakeFiles/morse.dir/home/lam/pico/pico-sdk/src/rp2_common/pico_double/double_init_rom.c.obj
                0x0000000010002558                __aeabi_double_init
 .text.double_table_shim_on_use_helper
                0x00000000100025ec       0x2c CMakeFiles/morse.dir/home/lam/pico/pico-sdk/src/rp2_common/pico_double/double_v1_rom_shim.S.obj
                0x00000000100025ec                double_table_shim_on_use_helper
 .text.__aeabi_lmul
                0x0000000010002618       0x32 CMakeFiles/morse.dir/home/lam/pico/pico-sdk/src/rp2_common/pico_int64_ops/pico_int64_ops_aeabi.S.obj
                0x0000000010002618                __wrap___aeabi_lmul
 *fill*         0x000000001000264a        0x2 
 .text.__aeabi_float_init
                0x000000001000264c       0x64 CMakeFiles/morse.dir/home/lam/pico/pico-sdk/src/rp2_common/pico_float/float_init_rom.c.obj
                0x000000001000264c                __aeabi_float_init
 .text.float_table_shim_on_use_helper
                0x00000000100026b0       0x2c CMakeFiles/morse.dir/home/lam/pico/pico-sdk/src/rp2_common/pico_float/float_v1_rom_shim.S.obj
                0x00000000100026b0                float_table_shim_on_use_helper
 .text.__wrap_malloc
                0x00000000100026dc       0x24 CMakeFiles/morse.dir/home/lam/pico/pico-sdk/src/rp2_common/pico_malloc/pico_malloc.c.obj
                0x00000000100026dc                __wrap_malloc
 .text.__wrap_free
                0x0000000010002700        0x8 CMakeFiles/morse.dir/home/lam/pico/pico-sdk/src/rp2_common/pico_malloc/pico_malloc.c.obj
                0x0000000010002700                __wrap_free
 .text          0x0000000010002708       0x10 CMakeFiles/morse.dir/home/lam/pico/pico-sdk/src/rp2_common/pico_mem_ops/mem_ops_aeabi.S.obj
                0x0000000010002708                __aeabi_mem_init
 .text.memset   0x0000000010002718        0xc CMakeFiles/morse.dir/home/lam/pico/pico-sdk/src/rp2_common/pico_mem_ops/mem_ops_aeabi.S.obj
                0x0000000010002718                __wrap_memset
 .text.memcpy   0x0000000010002724        0xc CMakeFiles/morse.dir/home/lam/pico/pico-sdk/src/rp2_common/pico_mem_ops/mem_ops_aeabi.S.obj
                0x0000000010002724                __wrap___aeabi_memcpy
                0x0000000010002724                __wrap_memcpy
 .text._Znwj    0x0000000010002730        0x8 CMakeFiles/morse.dir/home/lam/pico/pico-sdk/src/rp2_common/pico_standard_link/new_delete.cpp.obj
                0x0000000010002730                operator new(unsigned int)
 .text._ZdlPv   0x0000000010002738        0x8 CMakeFiles/morse.dir/home/lam/pico/pico-sdk/src/rp2_common/pico_standard_link/new_delete.cpp.obj
                0x0000000010002738                operator delete(void*)
 .text._ZdlPvj  0x0000000010002740        0x8 CMakeFiles/morse.dir/home/lam/pico/pico-sdk/src/rp2_common/pico_standard_link/new_delete.cpp.obj
                0x0000000010002740                operator delete(void*, unsigned int)
 .text.stdio_out_chars_no_crlf
                0x0000000010002748       0x10 CMakeFiles/morse.dir/home/lam/pico/pico-sdk/src/rp2_common/pico_stdio/stdio.c.obj
 .text.stdio_out_chars_crlf
                0x0000000010002758       0xb4 CMakeFiles/morse.dir/home/lam/pico/pico-sdk/src/rp2_common/pico_stdio/stdio.c.obj
 .text.stdio_put_string.isra.0
                0x000000001000280c       0xfc CMakeFiles/morse.dir/home/lam/pico/pico-sdk/src/rp2_common/pico_stdio/stdio.c.obj
 .text.__wrap_putchar
                0x0000000010002908       0x98 CMakeFiles/morse.dir/home/lam/pico/pico-sdk/src/rp2_common/pico_stdio/stdio.c.obj
                0x0000000010002908                __wrap_putchar
 .text.__wrap_puts
                0x00000000100029a0       0x3c CMakeFiles/morse.dir/home/lam/pico/pico-sdk/src/rp2_common/pico_stdio/stdio.c.obj
                0x00000000100029a0                __wrap_puts
 .text.stdio_set_driver_enabled
                0x00000000100029dc       0x30 CMakeFiles/morse.dir/home/lam/pico/pico-sdk/src/rp2_common/pico_stdio/stdio.c.obj
                0x00000000100029dc                stdio_set_driver_enabled
 .text.stdio_init_all
                0x0000000010002a0c        0x8 CMakeFiles/morse.dir/home/lam/pico/pico-sdk/src/rp2_common/pico_stdio/stdio.c.obj
                0x0000000010002a0c                stdio_init_all
 .text.__wrap_getchar
                0x0000000010002a14       0x74 CMakeFiles/morse.dir/home/lam/pico/pico-sdk/src/rp2_common/pico_stdio/stdio.c.obj
                0x0000000010002a14                __wrap_getchar
 .text.resetd_init
                0x0000000010002a88        0x4 CMakeFiles/morse.dir/home/lam/pico/pico-sdk/src/rp2_common/pico_stdio_usb/reset_interface.c.obj
 .text.resetd_reset
                0x0000000010002a8c        0xc CMakeFiles/morse.dir/home/lam/pico/pico-sdk/src/rp2_common/pico_stdio_usb/reset_interface.c.obj
 .text.resetd_open
                0x0000000010002a98       0x28 CMakeFiles/morse.dir/home/lam/pico/pico-sdk/src/rp2_common/pico_stdio_usb/reset_interface.c.obj
 .text.resetd_xfer_cb
                0x0000000010002ac0        0x4 CMakeFiles/morse.dir/home/lam/pico/pico-sdk/src/rp2_common/pico_stdio_usb/reset_interface.c.obj
 .text.resetd_control_xfer_cb
                0x0000000010002ac4       0x64 CMakeFiles/morse.dir/home/lam/pico/pico-sdk/src/rp2_common/pico_stdio_usb/reset_interface.c.obj
 .text.usbd_app_driver_get_cb
                0x0000000010002b28        0xc CMakeFiles/morse.dir/home/lam/pico/pico-sdk/src/rp2_common/pico_stdio_usb/reset_interface.c.obj
                0x0000000010002b28                usbd_app_driver_get_cb
 .text.tud_cdc_line_coding_cb
                0x0000000010002b34       0x34 CMakeFiles/morse.dir/home/lam/pico/pico-sdk/src/rp2_common/pico_stdio_usb/reset_interface.c.obj
                0x0000000010002b34                tud_cdc_line_coding_cb
 .text.stdio_usb_set_chars_available_callback
                0x0000000010002b68       0x14 CMakeFiles/morse.dir/home/lam/pico/pico-sdk/src/rp2_common/pico_stdio_usb/stdio_usb.c.obj
                0x0000000010002b68                stdio_usb_set_chars_available_callback
 .text.usb_irq  0x0000000010002b7c       0x10 CMakeFiles/morse.dir/home/lam/pico/pico-sdk/src/rp2_common/pico_stdio_usb/stdio_usb.c.obj
 .text.timer_task
                0x0000000010002b8c       0x54 CMakeFiles/morse.dir/home/lam/pico/pico-sdk/src/rp2_common/pico_stdio_usb/stdio_usb.c.obj
 .text.stdio_usb_in_chars
                0x0000000010002be0       0x90 CMakeFiles/morse.dir/home/lam/pico/pico-sdk/src/rp2_common/pico_stdio_usb/stdio_usb.c.obj
                0x0000000010002be0                stdio_usb_in_chars
 .text.stdio_usb_out_chars
                0x0000000010002c70      0x100 CMakeFiles/morse.dir/home/lam/pico/pico-sdk/src/rp2_common/pico_stdio_usb/stdio_usb.c.obj
 .text.low_priority_worker_irq
                0x0000000010002d70       0xa8 CMakeFiles/morse.dir/home/lam/pico/pico-sdk/src/rp2_common/pico_stdio_usb/stdio_usb.c.obj
 .text.tud_cdc_rx_cb
                0x0000000010002e18       0x20 CMakeFiles/morse.dir/home/lam/pico/pico-sdk/src/rp2_common/pico_stdio_usb/stdio_usb.c.obj
                0x0000000010002e18                tud_cdc_rx_cb
 .text.stdio_usb_init
                0x0000000010002e38       0xdc CMakeFiles/morse.dir/home/lam/pico/pico-sdk/src/rp2_common/pico_stdio_usb/stdio_usb.c.obj
                0x0000000010002e38                stdio_usb_init
 .text.stdio_usb_connected
                0x0000000010002f14        0xc CMakeFiles/morse.dir/home/lam/pico/pico-sdk/src/rp2_common/pico_stdio_usb/stdio_usb.c.obj
                0x0000000010002f14                stdio_usb_connected
 .text.tud_descriptor_device_cb
                0x0000000010002f20        0x8 CMakeFiles/morse.dir/home/lam/pico/pico-sdk/src/rp2_common/pico_stdio_usb/stdio_usb_descriptors.c.obj
                0x0000000010002f20                tud_descriptor_device_cb
 .text.tud_descriptor_configuration_cb
                0x0000000010002f28        0x8 CMakeFiles/morse.dir/home/lam/pico/pico-sdk/src/rp2_common/pico_stdio_usb/stdio_usb_descriptors.c.obj
                0x0000000010002f28                tud_descriptor_configuration_cb
 .text.tud_descriptor_string_cb
                0x0000000010002f30       0x74 CMakeFiles/morse.dir/home/lam/pico/pico-sdk/src/rp2_common/pico_stdio_usb/stdio_usb_descriptors.c.obj
                0x0000000010002f30                tud_descriptor_string_cb
 .text.startup._retrieve_unique_id_on_boot
                0x0000000010002fa4       0x10 CMakeFiles/morse.dir/home/lam/pico/pico-sdk/src/rp2_common/pico_unique_id/unique_id.c.obj
 .text.pico_get_unique_board_id_string
                0x0000000010002fb4      0x1a8 CMakeFiles/morse.dir/home/lam/pico/pico-sdk/src/rp2_common/pico_unique_id/unique_id.c.obj
                0x0000000010002fb4                pico_get_unique_board_id_string
 .text.flash_get_unique_id
                0x000000001000315c       0x40 CMakeFiles/morse.dir/home/lam/pico/pico-sdk/src/rp2_common/hardware_flash/flash.c.obj
                0x000000001000315c                flash_get_unique_id
 .text.dcd_int_enable
                0x000000001000319c        0xc CMakeFiles/morse.dir/home/lam/pico/pico-sdk/lib/tinyusb/src/portable/raspberrypi/rp2040/dcd_rp2040.c.obj
                0x000000001000319c                dcd_int_enable
 .text.dcd_set_address
                0x00000000100031a8       0x14 CMakeFiles/morse.dir/home/lam/pico/pico-sdk/lib/tinyusb/src/portable/raspberrypi/rp2040/dcd_rp2040.c.obj
                0x00000000100031a8                dcd_set_address
 .text.dcd_connect
                0x00000000100031bc       0x10 CMakeFiles/morse.dir/home/lam/pico/pico-sdk/lib/tinyusb/src/portable/raspberrypi/rp2040/dcd_rp2040.c.obj
                0x00000000100031bc                dcd_connect
 .text.dcd_init
                0x00000000100031cc       0x98 CMakeFiles/morse.dir/home/lam/pico/pico-sdk/lib/tinyusb/src/portable/raspberrypi/rp2040/dcd_rp2040.c.obj
                0x00000000100031cc                dcd_init
 .text.dcd_edpt0_status_complete
                0x0000000010003264       0x1c CMakeFiles/morse.dir/home/lam/pico/pico-sdk/lib/tinyusb/src/portable/raspberrypi/rp2040/dcd_rp2040.c.obj
                0x0000000010003264                dcd_edpt0_status_complete
 .text.dcd_edpt_open
                0x0000000010003280      0x108 CMakeFiles/morse.dir/home/lam/pico/pico-sdk/lib/tinyusb/src/portable/raspberrypi/rp2040/dcd_rp2040.c.obj
                0x0000000010003280                dcd_edpt_open
 .text.dcd_edpt_close_all
                0x0000000010003388        0x8 CMakeFiles/morse.dir/home/lam/pico/pico-sdk/lib/tinyusb/src/portable/raspberrypi/rp2040/dcd_rp2040.c.obj
                0x0000000010003388                dcd_edpt_close_all
 .text.dcd_edpt_xfer
                0x0000000010003390       0x24 CMakeFiles/morse.dir/home/lam/pico/pico-sdk/lib/tinyusb/src/portable/raspberrypi/rp2040/dcd_rp2040.c.obj
                0x0000000010003390                dcd_edpt_xfer
 .text.dcd_edpt_stall
                0x00000000100033b4       0x38 CMakeFiles/morse.dir/home/lam/pico/pico-sdk/lib/tinyusb/src/portable/raspberrypi/rp2040/dcd_rp2040.c.obj
                0x00000000100033b4                dcd_edpt_stall
 .text.dcd_edpt_clear_stall
                0x00000000100033ec       0x30 CMakeFiles/morse.dir/home/lam/pico/pico-sdk/lib/tinyusb/src/portable/raspberrypi/rp2040/dcd_rp2040.c.obj
                0x00000000100033ec                dcd_edpt_clear_stall
 .text.rp2040_usb_init
                0x000000001000341c       0x4c CMakeFiles/morse.dir/home/lam/pico/pico-sdk/lib/tinyusb/src/portable/raspberrypi/rp2040/rp2040_usb.c.obj
                0x000000001000341c                rp2040_usb_init
 .text.hw_endpoint_xfer_start
                0x0000000010003468       0x50 CMakeFiles/morse.dir/home/lam/pico/pico-sdk/lib/tinyusb/src/portable/raspberrypi/rp2040/rp2040_usb.c.obj
                0x0000000010003468                hw_endpoint_xfer_start
 .text.tud_mounted
                0x00000000100034b8       0x10 CMakeFiles/morse.dir/home/lam/pico/pico-sdk/lib/tinyusb/src/device/usbd.c.obj
                0x00000000100034b8                tud_mounted
 .text.tud_suspended
                0x00000000100034c8       0x10 CMakeFiles/morse.dir/home/lam/pico/pico-sdk/lib/tinyusb/src/device/usbd.c.obj
                0x00000000100034c8                tud_suspended
 .text.tud_inited
                0x00000000100034d8       0x14 CMakeFiles/morse.dir/home/lam/pico/pico-sdk/lib/tinyusb/src/device/usbd.c.obj
                0x00000000100034d8                tud_inited
 .text.tud_init
                0x00000000100034ec       0xe4 CMakeFiles/morse.dir/home/lam/pico/pico-sdk/lib/tinyusb/src/device/usbd.c.obj
                0x00000000100034ec                tud_init
 .text.tud_task_ext
                0x00000000100035d0      0x854 CMakeFiles/morse.dir/home/lam/pico/pico-sdk/lib/tinyusb/src/device/usbd.c.obj
                0x00000000100035d0                tud_task_ext
 .text.usbd_open_edpt_pair
                0x0000000010003e24       0x9c CMakeFiles/morse.dir/home/lam/pico/pico-sdk/lib/tinyusb/src/device/usbd.c.obj
                0x0000000010003e24                usbd_open_edpt_pair
 .text.usbd_defer_func
                0x0000000010003ec0       0x48 CMakeFiles/morse.dir/home/lam/pico/pico-sdk/lib/tinyusb/src/device/usbd.c.obj
                0x0000000010003ec0                usbd_defer_func
 .text.usbd_edpt_open
                0x0000000010003f08       0x34 CMakeFiles/morse.dir/home/lam/pico/pico-sdk/lib/tinyusb/src/device/usbd.c.obj
                0x0000000010003f08                usbd_edpt_open
 .text.usbd_edpt_claim
                0x0000000010003f3c       0x28 CMakeFiles/morse.dir/home/lam/pico/pico-sdk/lib/tinyusb/src/device/usbd.c.obj
                0x0000000010003f3c                usbd_edpt_claim
 .text.usbd_edpt_release
                0x0000000010003f64       0x28 CMakeFiles/morse.dir/home/lam/pico/pico-sdk/lib/tinyusb/src/device/usbd.c.obj
                0x0000000010003f64                usbd_edpt_release
 .text.usbd_edpt_xfer
                0x0000000010003f8c       0x4c CMakeFiles/morse.dir/home/lam/pico/pico-sdk/lib/tinyusb/src/device/usbd.c.obj
                0x0000000010003f8c                usbd_edpt_xfer
 .text.tud_control_status
                0x0000000010003fd8       0x30 CMakeFiles/morse.dir/home/lam/pico/pico-sdk/lib/tinyusb/src/device/usbd_control.c.obj
                0x0000000010003fd8                tud_control_status
 .text.tud_control_xfer
                0x0000000010004008       0xbc CMakeFiles/morse.dir/home/lam/pico/pico-sdk/lib/tinyusb/src/device/usbd_control.c.obj
                0x0000000010004008                tud_control_xfer
 .text.usbd_control_reset
                0x00000000100040c4       0x14 CMakeFiles/morse.dir/home/lam/pico/pico-sdk/lib/tinyusb/src/device/usbd_control.c.obj
                0x00000000100040c4                usbd_control_reset
 .text.usbd_control_set_complete_callback
                0x00000000100040d8        0xc CMakeFiles/morse.dir/home/lam/pico/pico-sdk/lib/tinyusb/src/device/usbd_control.c.obj
                0x00000000100040d8                usbd_control_set_complete_callback
 .text.usbd_control_set_request
                0x00000000100040e4       0x1c CMakeFiles/morse.dir/home/lam/pico/pico-sdk/lib/tinyusb/src/device/usbd_control.c.obj
                0x00000000100040e4                usbd_control_set_request
 .text.usbd_control_xfer_cb
                0x0000000010004100       0xfc CMakeFiles/morse.dir/home/lam/pico/pico-sdk/lib/tinyusb/src/device/usbd_control.c.obj
                0x0000000010004100                usbd_control_xfer_cb
 .text.tud_cdc_n_connected
                0x00000000100041fc       0x30 CMakeFiles/morse.dir/home/lam/pico/pico-sdk/lib/tinyusb/src/class/cdc/cdc_device.c.obj
                0x00000000100041fc                tud_cdc_n_connected
 .text.tud_cdc_n_available
                0x000000001000422c       0x18 CMakeFiles/morse.dir/home/lam/pico/pico-sdk/lib/tinyusb/src/class/cdc/cdc_device.c.obj
                0x000000001000422c                tud_cdc_n_available
 .text.tud_cdc_n_read
                0x0000000010004244       0x70 CMakeFiles/morse.dir/home/lam/pico/pico-sdk/lib/tinyusb/src/class/cdc/cdc_device.c.obj
                0x0000000010004244                tud_cdc_n_read
 .text.tud_cdc_n_write_flush
                0x00000000100042b4       0x78 CMakeFiles/morse.dir/home/lam/pico/pico-sdk/lib/tinyusb/src/class/cdc/cdc_device.c.obj
                0x00000000100042b4                tud_cdc_n_write_flush
 .text.tud_cdc_n_write
                0x000000001000432c       0x34 CMakeFiles/morse.dir/home/lam/pico/pico-sdk/lib/tinyusb/src/class/cdc/cdc_device.c.obj
                0x000000001000432c                tud_cdc_n_write
 .text.tud_cdc_n_write_available
                0x0000000010004360       0x18 CMakeFiles/morse.dir/home/lam/pico/pico-sdk/lib/tinyusb/src/class/cdc/cdc_device.c.obj
                0x0000000010004360                tud_cdc_n_write_available
 .text.cdcd_init
                0x0000000010004378       0x7c CMakeFiles/morse.dir/home/lam/pico/pico-sdk/lib/tinyusb/src/class/cdc/cdc_device.c.obj
                0x0000000010004378                cdcd_init
 .text.cdcd_reset
                0x00000000100043f4       0x2c CMakeFiles/morse.dir/home/lam/pico/pico-sdk/lib/tinyusb/src/class/cdc/cdc_device.c.obj
                0x00000000100043f4                cdcd_reset
 .text.cdcd_open
                0x0000000010004420       0xe8 CMakeFiles/morse.dir/home/lam/pico/pico-sdk/lib/tinyusb/src/class/cdc/cdc_device.c.obj
                0x0000000010004420                cdcd_open
 .text.cdcd_control_xfer_cb
                0x0000000010004508       0xe4 CMakeFiles/morse.dir/home/lam/pico/pico-sdk/lib/tinyusb/src/class/cdc/cdc_device.c.obj
                0x0000000010004508                cdcd_control_xfer_cb
 .text.cdcd_xfer_cb
                0x00000000100045ec      0x148 CMakeFiles/morse.dir/home/lam/pico/pico-sdk/lib/tinyusb/src/class/cdc/cdc_device.c.obj
                0x00000000100045ec                cdcd_xfer_cb
 .text.tusb_init
                0x0000000010004734        0xc CMakeFiles/morse.dir/home/lam/pico/pico-sdk/lib/tinyusb/src/tusb.c.obj
                0x0000000010004734                tusb_init
 .text.tusb_inited
                0x0000000010004740        0x8 CMakeFiles/morse.dir/home/lam/pico/pico-sdk/lib/tinyusb/src/tusb.c.obj
                0x0000000010004740                tusb_inited
 .text.tu_edpt_claim
                0x0000000010004748       0x50 CMakeFiles/morse.dir/home/lam/pico/pico-sdk/lib/tinyusb/src/tusb.c.obj
                0x0000000010004748                tu_edpt_claim
 .text.tu_edpt_release
                0x0000000010004798       0x38 CMakeFiles/morse.dir/home/lam/pico/pico-sdk/lib/tinyusb/src/tusb.c.obj
                0x0000000010004798                tu_edpt_release
 .text.tu_edpt_validate
                0x00000000100047d0       0x78 CMakeFiles/morse.dir/home/lam/pico/pico-sdk/lib/tinyusb/src/tusb.c.obj
                0x00000000100047d0                tu_edpt_validate
 .text.tu_edpt_bind_driver
                0x0000000010004848       0x34 CMakeFiles/morse.dir/home/lam/pico/pico-sdk/lib/tinyusb/src/tusb.c.obj
                0x0000000010004848                tu_edpt_bind_driver
 .text.tu_fifo_config
                0x000000001000487c       0x70 CMakeFiles/morse.dir/home/lam/pico/pico-sdk/lib/tinyusb/src/common/tusb_fifo.c.obj
                0x000000001000487c                tu_fifo_config
 .text.tu_fifo_count
                0x00000000100048ec       0x2c CMakeFiles/morse.dir/home/lam/pico/pico-sdk/lib/tinyusb/src/common/tusb_fifo.c.obj
                0x00000000100048ec                tu_fifo_count
 .text.tu_fifo_empty
                0x0000000010004918       0x10 CMakeFiles/morse.dir/home/lam/pico/pico-sdk/lib/tinyusb/src/common/tusb_fifo.c.obj
                0x0000000010004918                tu_fifo_empty
 .text.tu_fifo_remaining
                0x0000000010004928       0x2c CMakeFiles/morse.dir/home/lam/pico/pico-sdk/lib/tinyusb/src/common/tusb_fifo.c.obj
                0x0000000010004928                tu_fifo_remaining
 .text.tu_fifo_read
                0x0000000010004954       0xa0 CMakeFiles/morse.dir/home/lam/pico/pico-sdk/lib/tinyusb/src/common/tusb_fifo.c.obj
                0x0000000010004954                tu_fifo_read
 .text.tu_fifo_read_n
                0x00000000100049f4       0xec CMakeFiles/morse.dir/home/lam/pico/pico-sdk/lib/tinyusb/src/common/tusb_fifo.c.obj
                0x00000000100049f4                tu_fifo_read_n
 .text.tu_fifo_write
                0x0000000010004ae0       0x88 CMakeFiles/morse.dir/home/lam/pico/pico-sdk/lib/tinyusb/src/common/tusb_fifo.c.obj
                0x0000000010004ae0                tu_fifo_write
 .text.tu_fifo_write_n
                0x0000000010004b68      0x168 CMakeFiles/morse.dir/home/lam/pico/pico-sdk/lib/tinyusb/src/common/tusb_fifo.c.obj
                0x0000000010004b68                tu_fifo_write_n
 .text.tu_fifo_clear
                0x0000000010004cd0       0x40 CMakeFiles/morse.dir/home/lam/pico/pico-sdk/lib/tinyusb/src/common/tusb_fifo.c.obj
                0x0000000010004cd0                tu_fifo_clear
 .text.tu_fifo_set_overwritable
                0x0000000010004d10       0x48 CMakeFiles/morse.dir/home/lam/pico/pico-sdk/lib/tinyusb/src/common/tusb_fifo.c.obj
                0x0000000010004d10                tu_fifo_set_overwritable
 .text.unlikely._ZSt17__throw_bad_allocv
                0x0000000010004d58       0x20 /usr/lib/gcc/arm-none-eabi/10.3.1/../../../arm-none-eabi/lib/thumb/v6-m/nofp/libstdc++.a(functexcept.o)
                0x0000000010004d58                std::__throw_bad_alloc()
 .text.unlikely._ZSt19__throw_logic_errorPKc
                0x0000000010004d78       0x30 /usr/lib/gcc/arm-none-eabi/10.3.1/../../../arm-none-eabi/lib/thumb/v6-m/nofp/libstdc++.a(functexcept.o)
                0x0000000010004d78                std::__throw_logic_error(char const*)
 .text.unlikely._ZSt20__throw_length_errorPKc
                0x0000000010004da8       0x30 /usr/lib/gcc/arm-none-eabi/10.3.1/../../../arm-none-eabi/lib/thumb/v6-m/nofp/libstdc++.a(functexcept.o)
                0x0000000010004da8                std::__throw_length_error(char const*)
 .text._ZNSt7__cxx1112basic_stringIcSt11char_traitsIcESaIcEE9_M_createERjj
                0x0000000010004dd8       0x3c /usr/lib/gcc/arm-none-eabi/10.3.1/../../../arm-none-eabi/lib/thumb/v6-m/nofp/libstdc++.a(string-inst.o)
                0x0000000010004dd8                std::__cxx11::basic_string<char, std::char_traits<char>, std::allocator<char> >::_M_create(unsigned int&, unsigned int)
 .text._ZNSt7__cxx1112basic_stringIcSt11char_traitsIcESaIcEE9_M_mutateEjjPKcj
                0x0000000010004e14       0xb4 /usr/lib/gcc/arm-none-eabi/10.3.1/../../../arm-none-eabi/lib/thumb/v6-m/nofp/libstdc++.a(string-inst.o)
                0x0000000010004e14                std::__cxx11::basic_string<char, std::char_traits<char>, std::allocator<char> >::_M_mutate(unsigned int, unsigned int, char const*, unsigned int)
 .text._ZNSt7__cxx1112basic_stringIcSt11char_traitsIcESaIcEE8_M_eraseEjj
                0x0000000010004ec8       0x38 /usr/lib/gcc/arm-none-eabi/10.3.1/../../../arm-none-eabi/lib/thumb/v6-m/nofp/libstdc++.a(string-inst.o)
                0x0000000010004ec8                std::__cxx11::basic_string<char, std::char_traits<char>, std::allocator<char> >::_M_erase(unsigned int, unsigned int)
 .text._ZNSt7__cxx1112basic_stringIcSt11char_traitsIcESaIcEE9_M_appendEPKcj
                0x0000000010004f00       0x54 /usr/lib/gcc/arm-none-eabi/10.3.1/../../../arm-none-eabi/lib/thumb/v6-m/nofp/libstdc++.a(string-inst.o)
                0x0000000010004f00                std::__cxx11::basic_string<char, std::char_traits<char>, std::allocator<char> >::_M_append(char const*, unsigned int)
 .text._ZNKSt9bad_alloc4whatEv
                0x0000000010004f54        0x8 /usr/lib/gcc/arm-none-eabi/10.3.1/../../../arm-none-eabi/lib/thumb/v6-m/nofp/libstdc++.a(bad_alloc.o)
                0x0000000010004f54                std::bad_alloc::what() const
 .text._ZNSt9bad_allocD2Ev
                0x0000000010004f5c       0x18 /usr/lib/gcc/arm-none-eabi/10.3.1/../../../arm-none-eabi/lib/thumb/v6-m/nofp/libstdc++.a(bad_alloc.o)
                0x0000000010004f5c                std::bad_alloc::~bad_alloc()
                0x0000000010004f5c                std::bad_alloc::~bad_alloc()
 .text._ZNSt9bad_allocD0Ev
                0x0000000010004f74       0x20 /usr/lib/gcc/arm-none-eabi/10.3.1/../../../arm-none-eabi/lib/thumb/v6-m/nofp/libstdc++.a(bad_alloc.o)
                0x0000000010004f74                std::bad_alloc::~bad_alloc()
 .text._ZN12_GLOBAL__N_14pool4freeEPv.constprop.0
                0x0000000010004f94       0x78 /usr/lib/gcc/arm-none-eabi/10.3.1/../../../arm-none-eabi/lib/thumb/v6-m/nofp/libstdc++.a(eh_alloc.o)
 .text._ZN12_GLOBAL__N_14pool8allocateEj.constprop.0
                0x000000001000500c       0x54 /usr/lib/gcc/arm-none-eabi/10.3.1/../../../arm-none-eabi/lib/thumb/v6-m/nofp/libstdc++.a(eh_alloc.o)
 .text.__cxa_allocate_exception
                0x0000000010005060       0x2c /usr/lib/gcc/arm-none-eabi/10.3.1/../../../arm-none-eabi/lib/thumb/v6-m/nofp/libstdc++.a(eh_alloc.o)
                0x0000000010005060                __cxa_allocate_exception
 .text.__cxa_free_exception
                0x000000001000508c       0x24 /usr/lib/gcc/arm-none-eabi/10.3.1/../../../arm-none-eabi/lib/thumb/v6-m/nofp/libstdc++.a(eh_alloc.o)
                0x000000001000508c                __cxa_free_exception
 .text.startup._GLOBAL__sub_I__ZN9__gnu_cxx9__freeresEv
                0x00000000100050b0       0x2c /usr/lib/gcc/arm-none-eabi/10.3.1/../../../arm-none-eabi/lib/thumb/v6-m/nofp/libstdc++.a(eh_alloc.o)
 .text.__cxa_end_cleanup
                0x00000000100050dc        0xc /usr/lib/gcc/arm-none-eabi/10.3.1/../../../arm-none-eabi/lib/thumb/v6-m/nofp/libstdc++.a(eh_arm.o)
                0x00000000100050dc                __cxa_end_cleanup
 .text.__cxa_type_match
                0x00000000100050e8       0xc0 /usr/lib/gcc/arm-none-eabi/10.3.1/../../../arm-none-eabi/lib/thumb/v6-m/nofp/libstdc++.a(eh_arm.o)
                0x00000000100050e8                __cxa_type_match
 .text.__cxa_begin_cleanup
                0x00000000100051a8       0x60 /usr/lib/gcc/arm-none-eabi/10.3.1/../../../arm-none-eabi/lib/thumb/v6-m/nofp/libstdc++.a(eh_arm.o)
                0x00000000100051a8                __cxa_begin_cleanup
 .text.__gnu_end_cleanup
                0x0000000010005208       0x70 /usr/lib/gcc/arm-none-eabi/10.3.1/../../../arm-none-eabi/lib/thumb/v6-m/nofp/libstdc++.a(eh_arm.o)
                0x0000000010005208                __gnu_end_cleanup
 .text.__cxa_begin_catch
                0x0000000010005278       0x74 /usr/lib/gcc/arm-none-eabi/10.3.1/../../../arm-none-eabi/lib/thumb/v6-m/nofp/libstdc++.a(eh_catch.o)
                0x0000000010005278                __cxa_begin_catch
 .text.__cxa_end_catch
                0x00000000100052ec       0x90 /usr/lib/gcc/arm-none-eabi/10.3.1/../../../arm-none-eabi/lib/thumb/v6-m/nofp/libstdc++.a(eh_catch.o)
                0x00000000100052ec                __cxa_end_catch
 .text._ZNSt9exceptionD2Ev
                0x000000001000537c        0x4 /usr/lib/gcc/arm-none-eabi/10.3.1/../../../arm-none-eabi/lib/thumb/v6-m/nofp/libstdc++.a(eh_exception.o)
                0x000000001000537c                std::exception::~exception()
                0x000000001000537c                std::exception::~exception()
 .text._ZNSt13bad_exceptionD2Ev
                0x0000000010005380        0x4 /usr/lib/gcc/arm-none-eabi/10.3.1/../../../arm-none-eabi/lib/thumb/v6-m/nofp/libstdc++.a(eh_exception.o)
                0x0000000010005380                std::bad_exception::~bad_exception()
                0x0000000010005380                std::bad_exception::~bad_exception()
 .text._ZNKSt13bad_exception4whatEv
                0x0000000010005384        0x8 /usr/lib/gcc/arm-none-eabi/10.3.1/../../../arm-none-eabi/lib/thumb/v6-m/nofp/libstdc++.a(eh_exception.o)
                0x0000000010005384                transaction clone for std::bad_exception::what() const
                0x0000000010005384                std::bad_exception::what() const
 .text._ZNSt13bad_exceptionD0Ev
                0x000000001000538c       0x10 /usr/lib/gcc/arm-none-eabi/10.3.1/../../../arm-none-eabi/lib/thumb/v6-m/nofp/libstdc++.a(eh_exception.o)
                0x000000001000538c                std::bad_exception::~bad_exception()
 .text.__cxa_get_globals_fast
                0x000000001000539c        0x8 /usr/lib/gcc/arm-none-eabi/10.3.1/../../../arm-none-eabi/lib/thumb/v6-m/nofp/libstdc++.a(eh_globals.o)
                0x000000001000539c                __cxa_get_globals_fast
 .text.__cxa_get_globals
                0x00000000100053a4        0x8 /usr/lib/gcc/arm-none-eabi/10.3.1/../../../arm-none-eabi/lib/thumb/v6-m/nofp/libstdc++.a(eh_globals.o)
                0x00000000100053a4                __cxa_get_globals
 .text._ZL28read_encoded_value_with_basehjPKhPj
                0x00000000100053ac      0x114 /usr/lib/gcc/arm-none-eabi/10.3.1/../../../arm-none-eabi/lib/thumb/v6-m/nofp/libstdc++.a(eh_personality.o)
 .text._ZL21base_of_encoded_valuehP15_Unwind_Context
                0x00000000100054c0       0x48 /usr/lib/gcc/arm-none-eabi/10.3.1/../../../arm-none-eabi/lib/thumb/v6-m/nofp/libstdc++.a(eh_personality.o)
 .text._ZL17parse_lsda_headerP15_Unwind_ContextPKhP16lsda_header_info
                0x0000000010005508       0x98 /usr/lib/gcc/arm-none-eabi/10.3.1/../../../arm-none-eabi/lib/thumb/v6-m/nofp/libstdc++.a(eh_personality.o)
 .text.__gxx_personality_v0
                0x00000000100055a0      0x4c8 /usr/lib/gcc/arm-none-eabi/10.3.1/../../../arm-none-eabi/lib/thumb/v6-m/nofp/libstdc++.a(eh_personality.o)
                0x00000000100055a0                __gxx_personality_v0
 .text._ZN10__cxxabiv111__terminateEPFvvE
                0x0000000010005a68       0x28 /usr/lib/gcc/arm-none-eabi/10.3.1/../../../arm-none-eabi/lib/thumb/v6-m/nofp/libstdc++.a(eh_terminate.o)
                0x0000000010005a68                __cxxabiv1::__terminate(void (*)())
 .text._ZSt9terminatev
                0x0000000010005a90       0x10 /usr/lib/gcc/arm-none-eabi/10.3.1/../../../arm-none-eabi/lib/thumb/v6-m/nofp/libstdc++.a(eh_terminate.o)
                0x0000000010005a90                std::terminate()
 .text._ZN10__cxxabiv112__unexpectedEPFvvE
                0x0000000010005aa0        0x8 /usr/lib/gcc/arm-none-eabi/10.3.1/../../../arm-none-eabi/lib/thumb/v6-m/nofp/libstdc++.a(eh_terminate.o)
                0x0000000010005aa0                __cxxabiv1::__unexpected(void (*)())
 .text._ZSt10unexpectedv
                0x0000000010005aa8       0x10 /usr/lib/gcc/arm-none-eabi/10.3.1/../../../arm-none-eabi/lib/thumb/v6-m/nofp/libstdc++.a(eh_terminate.o)
                0x0000000010005aa8                std::unexpected()
 .text._ZSt13get_terminatev
                0x0000000010005ab8        0xc /usr/lib/gcc/arm-none-eabi/10.3.1/../../../arm-none-eabi/lib/thumb/v6-m/nofp/libstdc++.a(eh_terminate.o)
                0x0000000010005ab8                std::get_terminate()
 .text._ZSt14get_unexpectedv
                0x0000000010005ac4        0xc /usr/lib/gcc/arm-none-eabi/10.3.1/../../../arm-none-eabi/lib/thumb/v6-m/nofp/libstdc++.a(eh_terminate.o)
                0x0000000010005ac4                std::get_unexpected()
 .text._ZL23__gxx_exception_cleanup19_Unwind_Reason_CodeP21_Unwind_Control_Block
                0x0000000010005ad0       0x34 /usr/lib/gcc/arm-none-eabi/10.3.1/../../../arm-none-eabi/lib/thumb/v6-m/nofp/libstdc++.a(eh_throw.o)
 .text.__cxa_init_primary_exception
                0x0000000010005b04       0x4c /usr/lib/gcc/arm-none-eabi/10.3.1/../../../arm-none-eabi/lib/thumb/v6-m/nofp/libstdc++.a(eh_throw.o)
                0x0000000010005b04                __cxa_init_primary_exception
 .text.__cxa_throw
                0x0000000010005b50       0x34 /usr/lib/gcc/arm-none-eabi/10.3.1/../../../arm-none-eabi/lib/thumb/v6-m/nofp/libstdc++.a(eh_throw.o)
                0x0000000010005b50                __cxa_throw
 .text.__cxa_rethrow
                0x0000000010005b84       0x70 /usr/lib/gcc/arm-none-eabi/10.3.1/../../../arm-none-eabi/lib/thumb/v6-m/nofp/libstdc++.a(eh_throw.o)
                0x0000000010005b84                __cxa_rethrow
 .text._ZN10__cxxabiv120__si_class_type_infoD2Ev
                0x0000000010005bf4       0x18 /usr/lib/gcc/arm-none-eabi/10.3.1/../../../arm-none-eabi/lib/thumb/v6-m/nofp/libstdc++.a(si_class_type_info.o)
                0x0000000010005bf4                __cxxabiv1::__si_class_type_info::~__si_class_type_info()
                0x0000000010005bf4                __cxxabiv1::__si_class_type_info::~__si_class_type_info()
 .text._ZN10__cxxabiv120__si_class_type_infoD0Ev
                0x0000000010005c0c       0x20 /usr/lib/gcc/arm-none-eabi/10.3.1/../../../arm-none-eabi/lib/thumb/v6-m/nofp/libstdc++.a(si_class_type_info.o)
                0x0000000010005c0c                __cxxabiv1::__si_class_type_info::~__si_class_type_info()
 .text._ZNK10__cxxabiv120__si_class_type_info20__do_find_public_srcEiPKvPKNS_17__class_type_infoES2_
                0x0000000010005c2c       0x38 /usr/lib/gcc/arm-none-eabi/10.3.1/../../../arm-none-eabi/lib/thumb/v6-m/nofp/libstdc++.a(si_class_type_info.o)
                0x0000000010005c2c                __cxxabiv1::__si_class_type_info::__do_find_public_src(int, void const*, __cxxabiv1::__class_type_info const*, void const*) const
 .text._ZNK10__cxxabiv120__si_class_type_info12__do_dyncastEiNS_17__class_type_info10__sub_kindEPKS1_PKvS4_S6_RNS1_16__dyncast_resultE
                0x0000000010005c64       0x9c /usr/lib/gcc/arm-none-eabi/10.3.1/../../../arm-none-eabi/lib/thumb/v6-m/nofp/libstdc++.a(si_class_type_info.o)
                0x0000000010005c64                __cxxabiv1::__si_class_type_info::__do_dyncast(int, __cxxabiv1::__class_type_info::__sub_kind, __cxxabiv1::__class_type_info const*, void const*, __cxxabiv1::__class_type_info const*, void const*, __cxxabiv1::__class_type_info::__dyncast_result&) const
 .text._ZNK10__cxxabiv120__si_class_type_info11__do_upcastEPKNS_17__class_type_infoEPKvRNS1_15__upcast_resultE
                0x0000000010005d00       0x24 /usr/lib/gcc/arm-none-eabi/10.3.1/../../../arm-none-eabi/lib/thumb/v6-m/nofp/libstdc++.a(si_class_type_info.o)
                0x0000000010005d00                __cxxabiv1::__si_class_type_info::__do_upcast(__cxxabiv1::__class_type_info const*, void const*, __cxxabiv1::__class_type_info::__upcast_result&) const
 .text._ZNSt9type_infoD2Ev
                0x0000000010005d24        0x4 /usr/lib/gcc/arm-none-eabi/10.3.1/../../../arm-none-eabi/lib/thumb/v6-m/nofp/libstdc++.a(tinfo.o)
                0x0000000010005d24                std::type_info::~type_info()
                0x0000000010005d24                std::type_info::~type_info()
 .text._ZNKSt9type_info14__is_pointer_pEv
                0x0000000010005d28        0x4 /usr/lib/gcc/arm-none-eabi/10.3.1/../../../arm-none-eabi/lib/thumb/v6-m/nofp/libstdc++.a(tinfo.o)
                0x0000000010005d28                std::type_info::__is_function_p() const
                0x0000000010005d28                std::type_info::__is_pointer_p() const
 .text._ZNKSt9type_infoeqERKS_
                0x0000000010005d2c       0x30 /usr/lib/gcc/arm-none-eabi/10.3.1/../../../arm-none-eabi/lib/thumb/v6-m/nofp/libstdc++.a(tinfo.o)
                0x0000000010005d2c                std::type_info::operator==(std::type_info const&) const
 .text._ZNKSt11logic_error4whatEv
                0x0000000010005d5c        0x4 /usr/lib/gcc/arm-none-eabi/10.3.1/../../../arm-none-eabi/lib/thumb/v6-m/nofp/libstdc++.a(stdexcept.o)
                0x0000000010005d5c                std::runtime_error::what() const
                0x0000000010005d5c                std::logic_error::what() const
 .text._ZNSt11logic_errorD2Ev
                0x0000000010005d60       0x40 /usr/lib/gcc/arm-none-eabi/10.3.1/../../../arm-none-eabi/lib/thumb/v6-m/nofp/libstdc++.a(stdexcept.o)
                0x0000000010005d60                std::logic_error::~logic_error()
                0x0000000010005d60                std::logic_error::~logic_error()
 .text._ZNSt12length_errorD2Ev
                0x0000000010005da0       0x40 /usr/lib/gcc/arm-none-eabi/10.3.1/../../../arm-none-eabi/lib/thumb/v6-m/nofp/libstdc++.a(stdexcept.o)
                0x0000000010005da0                std::length_error::~length_error()
                0x0000000010005da0                std::length_error::~length_error()
 .text._ZNSt11logic_errorD0Ev
                0x0000000010005de0       0x48 /usr/lib/gcc/arm-none-eabi/10.3.1/../../../arm-none-eabi/lib/thumb/v6-m/nofp/libstdc++.a(stdexcept.o)
                0x0000000010005de0                std::logic_error::~logic_error()
 .text._ZNSt12length_errorD0Ev
                0x0000000010005e28       0x48 /usr/lib/gcc/arm-none-eabi/10.3.1/../../../arm-none-eabi/lib/thumb/v6-m/nofp/libstdc++.a(stdexcept.o)
                0x0000000010005e28                std::length_error::~length_error()
 .text._ZNSt11logic_errorC2EPKc
                0x0000000010005e70       0x88 /usr/lib/gcc/arm-none-eabi/10.3.1/../../../arm-none-eabi/lib/thumb/v6-m/nofp/libstdc++.a(cow-stdexcept.o)
                0x0000000010005e70                std::logic_error::logic_error(char const*)
                0x0000000010005e70                std::logic_error::logic_error(char const*)
 .text._ZNSt12length_errorC2EPKc
                0x0000000010005ef8       0x14 /usr/lib/gcc/arm-none-eabi/10.3.1/../../../arm-none-eabi/lib/thumb/v6-m/nofp/libstdc++.a(cow-stdexcept.o)
                0x0000000010005ef8                std::length_error::length_error(char const*)
                0x0000000010005ef8                std::length_error::length_error(char const*)
 .text._ZNSs4_Rep9_S_createEjjRKSaIcE
                0x0000000010005f0c       0x78 /usr/lib/gcc/arm-none-eabi/10.3.1/../../../arm-none-eabi/lib/thumb/v6-m/nofp/libstdc++.a(cow-string-inst.o)
                0x0000000010005f0c                std::string::_Rep::_S_create(unsigned int, unsigned int, std::allocator<char> const&)
 .text._ZNSs4_Rep10_M_destroyERKSaIcE
                0x0000000010005f84        0x8 /usr/lib/gcc/arm-none-eabi/10.3.1/../../../arm-none-eabi/lib/thumb/v6-m/nofp/libstdc++.a(cow-string-inst.o)
                0x0000000010005f84                std::string::_Rep::_M_destroy(std::allocator<char> const&)
 .text._ZNK10__cxxabiv117__class_type_info11__do_upcastEPKS0_PPv
                0x0000000010005f8c       0x34 /usr/lib/gcc/arm-none-eabi/10.3.1/../../../arm-none-eabi/lib/thumb/v6-m/nofp/libstdc++.a(class_type_info.o)
                0x0000000010005f8c                __cxxabiv1::__class_type_info::__do_upcast(__cxxabiv1::__class_type_info const*, void**) const
 .text._ZNK10__cxxabiv117__class_type_info20__do_find_public_srcEiPKvPKS0_S2_
                0x0000000010005fc0       0x14 /usr/lib/gcc/arm-none-eabi/10.3.1/../../../arm-none-eabi/lib/thumb/v6-m/nofp/libstdc++.a(class_type_info.o)
                0x0000000010005fc0                __cxxabiv1::__class_type_info::__do_find_public_src(int, void const*, __cxxabiv1::__class_type_info const*, void const*) const
 .text._ZN10__cxxabiv117__class_type_infoD2Ev
                0x0000000010005fd4       0x18 /usr/lib/gcc/arm-none-eabi/10.3.1/../../../arm-none-eabi/lib/thumb/v6-m/nofp/libstdc++.a(class_type_info.o)
                0x0000000010005fd4                __cxxabiv1::__class_type_info::~__class_type_info()
                0x0000000010005fd4                __cxxabiv1::__class_type_info::~__class_type_info()
 .text._ZN10__cxxabiv117__class_type_infoD0Ev
                0x0000000010005fec       0x20 /usr/lib/gcc/arm-none-eabi/10.3.1/../../../arm-none-eabi/lib/thumb/v6-m/nofp/libstdc++.a(class_type_info.o)
                0x0000000010005fec                __cxxabiv1::__class_type_info::~__class_type_info()
 .text._ZNK10__cxxabiv117__class_type_info12__do_dyncastEiNS0_10__sub_kindEPKS0_PKvS3_S5_RNS0_16__dyncast_resultE
                0x000000001000600c       0x40 /usr/lib/gcc/arm-none-eabi/10.3.1/../../../arm-none-eabi/lib/thumb/v6-m/nofp/libstdc++.a(class_type_info.o)
                0x000000001000600c                __cxxabiv1::__class_type_info::__do_dyncast(int, __cxxabiv1::__class_type_info::__sub_kind, __cxxabiv1::__class_type_info const*, void const*, __cxxabiv1::__class_type_info const*, void const*, __cxxabiv1::__class_type_info::__dyncast_result&) const
 .text._ZNK10__cxxabiv117__class_type_info11__do_upcastEPKS0_PKvRNS0_15__upcast_resultE
                0x000000001000604c       0x1c /usr/lib/gcc/arm-none-eabi/10.3.1/../../../arm-none-eabi/lib/thumb/v6-m/nofp/libstdc++.a(class_type_info.o)
                0x000000001000604c                __cxxabiv1::__class_type_info::__do_upcast(__cxxabiv1::__class_type_info const*, void const*, __cxxabiv1::__class_type_info::__upcast_result&) const
 .text._ZNK10__cxxabiv117__class_type_info10__do_catchEPKSt9type_infoPPvj
                0x0000000010006068       0x24 /usr/lib/gcc/arm-none-eabi/10.3.1/../../../arm-none-eabi/lib/thumb/v6-m/nofp/libstdc++.a(class_type_info.o)
                0x0000000010006068                __cxxabiv1::__class_type_info::__do_catch(std::type_info const*, void**, unsigned int) const
 .text._ZN10__cxxabiv1L24__is_gxx_exception_classEPc
                0x000000001000608c       0x3c /usr/lib/gcc/arm-none-eabi/10.3.1/../../../arm-none-eabi/lib/thumb/v6-m/nofp/libstdc++.a(eh_call.o)
 .text.__cxa_call_terminate
                0x00000000100060c8       0x20 /usr/lib/gcc/arm-none-eabi/10.3.1/../../../arm-none-eabi/lib/thumb/v6-m/nofp/libstdc++.a(eh_call.o)
                0x00000000100060c8                __cxa_call_terminate
 .text.unlikely.__cxa_call_unexpected
                0x00000000100060e8      0x100 /usr/lib/gcc/arm-none-eabi/10.3.1/../../../arm-none-eabi/lib/thumb/v6-m/nofp/libstdc++.a(eh_call.o)
                0x00000000100060e8                __cxa_call_unexpected
 .text          0x00000000100061e8       0x10 /usr/lib/gcc/arm-none-eabi/10.3.1/../../../arm-none-eabi/lib/thumb/v6-m/nofp/libc.a(lib_a-abort.o)
                0x00000000100061e8                abort
 .text          0x00000000100061f8       0x28 /usr/lib/gcc/arm-none-eabi/10.3.1/../../../arm-none-eabi/lib/thumb/v6-m/nofp/libc.a(lib_a-malloc.o)
                0x00000000100061f8                malloc
                0x000000001000620c                free
 .text          0x0000000010006220      0x574 /usr/lib/gcc/arm-none-eabi/10.3.1/../../../arm-none-eabi/lib/thumb/v6-m/nofp/libc.a(lib_a-mallocr.o)
                0x0000000010006220                _malloc_r
 .text          0x0000000010006794        0x8 /usr/lib/gcc/arm-none-eabi/10.3.1/../../../arm-none-eabi/lib/thumb/v6-m/nofp/libc.a(lib_a-mlock.o)
                0x0000000010006794                __malloc_lock
                0x0000000010006798                __malloc_unlock
 .text          0x000000001000679c       0x24 /usr/lib/gcc/arm-none-eabi/10.3.1/../../../arm-none-eabi/lib/thumb/v6-m/nofp/libc.a(lib_a-sbrkr.o)
                0x000000001000679c                _sbrk_r
 .text          0x00000000100067c0      0x2a0 /usr/lib/gcc/arm-none-eabi/10.3.1/../../../arm-none-eabi/lib/thumb/v6-m/nofp/libc.a(lib_a-signal.o)
                0x00000000100067c0                _init_signal_r
                0x00000000100067f4                _signal_r
                0x000000001000684c                _raise_r
                0x00000000100068a8                __sigtramp_r
                0x0000000010006908                raise
                0x0000000010006968                signal
                0x00000000100069bc                _init_signal
                0x00000000100069f8                __sigtramp
 .text          0x0000000010006a60       0x30 /usr/lib/gcc/arm-none-eabi/10.3.1/../../../arm-none-eabi/lib/thumb/v6-m/nofp/libc.a(lib_a-signalr.o)
                0x0000000010006a60                _kill_r
                0x0000000010006a88                _getpid_r
 .text          0x0000000010006a90       0x88 /usr/lib/gcc/arm-none-eabi/10.3.1/../../../arm-none-eabi/lib/thumb/v6-m/nofp/libc.a(lib_a-strcmp.o)
                0x0000000010006a90                strcmp
 .text          0x0000000010006b18       0x5c /usr/lib/gcc/arm-none-eabi/10.3.1/../../../arm-none-eabi/lib/thumb/v6-m/nofp/libc.a(lib_a-strlen-stub.o)
                0x0000000010006b18                strlen
 .text          0x0000000010006b74       0x14 /usr/lib/gcc/arm-none-eabi/10.3.1/../../../arm-none-eabi/lib/thumb/v6-m/nofp/libc.a(lib_a-toupper.o)
                0x0000000010006b74                toupper
 .text          0x0000000010006b88      0x260 /usr/lib/gcc/arm-none-eabi/10.3.1/../../../arm-none-eabi/lib/thumb/v6-m/nofp/libc.a(lib_a-freer.o)
                0x0000000010006b88                _malloc_trim_r
                0x0000000010006c24                _free_r
 *(.fini)
 .fini          0x0000000010006de8        0x4 /usr/lib/gcc/arm-none-eabi/10.3.1/thumb/v6-m/nofp/crti.o
                0x0000000010006de8                _fini
 *fill*         0x0000000010006dec        0x4 
 .fini.__stub   0x0000000010006df0      0x190 linker stubs
 *crtbegin.o(.ctors)
 *crtbegin?.o(.ctors)
 *(EXCLUDE_FILE(*crtend.o *crtend?.o) .ctors)
 *(SORT_BY_NAME(.ctors.*))
 *(.ctors)
 *crtbegin.o(.dtors)
 *crtbegin?.o(.dtors)
 *(EXCLUDE_FILE(*crtend.o *crtend?.o) .dtors)
 *(SORT_BY_NAME(.dtors.*))
 *(.dtors)
 *(.eh_frame*)
 .eh_frame      0x0000000010006f80        0x0 /usr/lib/gcc/arm-none-eabi/10.3.1/thumb/v6-m/nofp/crtbegin.o
                0x0000000010006f80                . = ALIGN (0x4)

.glue_7         0x0000000010006f80        0x0
 .glue_7        0x0000000010006f80        0x0 linker stubs

.glue_7t        0x0000000010006f80        0x0
 .glue_7t       0x0000000010006f80        0x0 linker stubs

.vfp11_veneer   0x0000000010006f80        0x0
 .vfp11_veneer  0x0000000010006f80        0x0 linker stubs

.v4_bx          0x0000000010006f80        0x0
 .v4_bx         0x0000000010006f80        0x0 linker stubs

.iplt           0x0000000010006f80        0x0
 .iplt          0x0000000010006f80        0x0 /usr/lib/gcc/arm-none-eabi/10.3.1/thumb/v6-m/nofp/crtbegin.o

.rodata         0x0000000010006f80      0x8b8
 *(EXCLUDE_FILE(*libm.a: *libc.a:*lib_a-mem*.o *libgcc.a:) .rodata*)
 .rodata._Z10strToMorseNSt7__cxx1112basic_stringIcSt11char_traitsIcESaIcEEE.str1.4
                0x0000000010006f80       0xfa CMakeFiles/morse.dir/morse.cpp.obj
                                        0x106 (size before relaxing)
 *fill*         0x000000001000707a        0x2 
 .rodata._Z10strToMorseNSt7__cxx1112basic_stringIcSt11char_traitsIcESaIcEEE
                0x000000001000707c       0xac CMakeFiles/morse.dir/morse.cpp.obj
 .rodata.main.str1.4
                0x0000000010007128       0x66 CMakeFiles/morse.dir/morse.cpp.obj
 *fill*         0x000000001000718e        0x2 
 .rodata.spin_lock_claim_unused.str1.4
                0x0000000010007190       0x1b CMakeFiles/morse.dir/home/lam/pico/pico-sdk/src/rp2_common/hardware_sync/sync.c.obj
 *fill*         0x00000000100071ab        0x1 
 .rodata.user_irq_claim_unused.str1.4
                0x00000000100071ac       0x1b CMakeFiles/morse.dir/home/lam/pico/pico-sdk/src/rp2_common/hardware_irq/irq.c.obj
 *fill*         0x00000000100071c7        0x1 
 .rodata.at_the_end_of_time
                0x00000000100071c8        0x8 CMakeFiles/morse.dir/home/lam/pico/pico-sdk/src/common/pico_time/time.c.obj
                0x00000000100071c8                at_the_end_of_time
 .rodata.hardware_alarm_claim.str1.4
                0x00000000100071d0       0x22 CMakeFiles/morse.dir/home/lam/pico/pico-sdk/src/rp2_common/hardware_timer/timer.c.obj
 *fill*         0x00000000100071f2        0x2 
 .rodata.panic.str1.4
                0x00000000100071f4       0x12 CMakeFiles/morse.dir/home/lam/pico/pico-sdk/src/rp2_common/pico_runtime/runtime.c.obj
 *fill*         0x0000000010007206        0x2 
 .rodata.hard_assertion_failure.str1.4
                0x0000000010007208        0xc CMakeFiles/morse.dir/home/lam/pico/pico-sdk/src/rp2_common/pico_runtime/runtime.c.obj
 .rodata.__wrap_malloc.str1.4
                0x0000000010007214        0xe CMakeFiles/morse.dir/home/lam/pico/pico-sdk/src/rp2_common/pico_malloc/pico_malloc.c.obj
 *fill*         0x0000000010007222        0x2 
 .rodata.str1.4
                0x0000000010007224       0x3c CMakeFiles/morse.dir/home/lam/pico/pico-sdk/src/rp2_common/pico_standard_link/binary_info.c.obj
 .rodata.__bi_44
                0x0000000010007260        0xc CMakeFiles/morse.dir/home/lam/pico/pico-sdk/src/rp2_common/pico_standard_link/binary_info.c.obj
 .rodata.__bi_75
                0x000000001000726c        0xc CMakeFiles/morse.dir/home/lam/pico/pico-sdk/src/rp2_common/pico_standard_link/binary_info.c.obj
 .rodata.__bi_81
                0x0000000010007278        0xc CMakeFiles/morse.dir/home/lam/pico/pico-sdk/src/rp2_common/pico_standard_link/binary_info.c.obj
 .rodata.crlf_str.0
                0x0000000010007284        0x2 CMakeFiles/morse.dir/home/lam/pico/pico-sdk/src/rp2_common/pico_stdio/stdio.c.obj
 *fill*         0x0000000010007286        0x2 
 .rodata._resetd_driver
                0x0000000010007288       0x18 CMakeFiles/morse.dir/home/lam/pico/pico-sdk/src/rp2_common/pico_stdio_usb/reset_interface.c.obj
 .rodata.str1.4
                0x00000000100072a0       0x13 CMakeFiles/morse.dir/home/lam/pico/pico-sdk/src/rp2_common/pico_stdio_usb/stdio_usb.c.obj
 *fill*         0x00000000100072b3        0x1 
 .rodata.__bi_182.0
                0x00000000100072b4        0xc CMakeFiles/morse.dir/home/lam/pico/pico-sdk/src/rp2_common/pico_stdio_usb/stdio_usb.c.obj
 .rodata.str1.4
                0x00000000100072c0       0x2a CMakeFiles/morse.dir/home/lam/pico/pico-sdk/src/rp2_common/pico_stdio_usb/stdio_usb_descriptors.c.obj
 *fill*         0x00000000100072ea        0x2 
 .rodata.usbd_desc_cfg
                0x00000000100072ec       0x54 CMakeFiles/morse.dir/home/lam/pico/pico-sdk/src/rp2_common/pico_stdio_usb/stdio_usb_descriptors.c.obj
 .rodata.usbd_desc_device
                0x0000000010007340       0x12 CMakeFiles/morse.dir/home/lam/pico/pico-sdk/src/rp2_common/pico_stdio_usb/stdio_usb_descriptors.c.obj
 *fill*         0x0000000010007352        0x2 
 .rodata.usbd_desc_str
                0x0000000010007354       0x18 CMakeFiles/morse.dir/home/lam/pico/pico-sdk/src/rp2_common/pico_stdio_usb/stdio_usb_descriptors.c.obj
 .rodata.str1.4
                0x000000001000736c       0x14 CMakeFiles/morse.dir/home/lam/pico/pico-sdk/lib/tinyusb/src/portable/raspberrypi/rp2040/dcd_rp2040.c.obj
 .rodata.str1.4
                0x0000000010007380       0x53 CMakeFiles/morse.dir/home/lam/pico/pico-sdk/lib/tinyusb/src/portable/raspberrypi/rp2040/rp2040_usb.c.obj
 *fill*         0x00000000100073d3        0x1 
 .rodata.tud_task_ext
                0x00000000100073d4       0x8c CMakeFiles/morse.dir/home/lam/pico/pico-sdk/lib/tinyusb/src/device/usbd.c.obj
 .rodata._usbd_driver
                0x0000000010007460       0x18 CMakeFiles/morse.dir/home/lam/pico/pico-sdk/lib/tinyusb/src/device/usbd.c.obj
 .rodata._ZNSt7__cxx1112basic_stringIcSt11char_traitsIcESaIcEE9_M_createERjj.str1.4
                0x0000000010007478       0x18 /usr/lib/gcc/arm-none-eabi/10.3.1/../../../arm-none-eabi/lib/thumb/v6-m/nofp/libstdc++.a(string-inst.o)
 .rodata._ZNKSt9bad_alloc4whatEv.str1.4
                0x0000000010007490        0xf /usr/lib/gcc/arm-none-eabi/10.3.1/../../../arm-none-eabi/lib/thumb/v6-m/nofp/libstdc++.a(bad_alloc.o)
 *fill*         0x000000001000749f        0x1 
 .rodata._ZTISt9bad_alloc
                0x00000000100074a0        0xc /usr/lib/gcc/arm-none-eabi/10.3.1/../../../arm-none-eabi/lib/thumb/v6-m/nofp/libstdc++.a(bad_alloc.o)
                0x00000000100074a0                typeinfo for std::bad_alloc
 .rodata._ZTSSt9bad_alloc
                0x00000000100074ac        0xd /usr/lib/gcc/arm-none-eabi/10.3.1/../../../arm-none-eabi/lib/thumb/v6-m/nofp/libstdc++.a(bad_alloc.o)
                0x00000000100074ac                typeinfo name for std::bad_alloc
 *fill*         0x00000000100074b9        0x3 
 .rodata._ZTVSt9bad_alloc
                0x00000000100074bc       0x14 /usr/lib/gcc/arm-none-eabi/10.3.1/../../../arm-none-eabi/lib/thumb/v6-m/nofp/libstdc++.a(bad_alloc.o)
                0x00000000100074bc                vtable for std::bad_alloc
 .rodata._ZNKSt13bad_exception4whatEv.str1.4
                0x00000000100074d0       0x13 /usr/lib/gcc/arm-none-eabi/10.3.1/../../../arm-none-eabi/lib/thumb/v6-m/nofp/libstdc++.a(eh_exception.o)
 *fill*         0x00000000100074e3        0x1 
 .rodata._ZTIN10__cxxabiv115__forced_unwindE
                0x00000000100074e4        0x8 /usr/lib/gcc/arm-none-eabi/10.3.1/../../../arm-none-eabi/lib/thumb/v6-m/nofp/libstdc++.a(eh_exception.o)
                0x00000000100074e4                typeinfo for __cxxabiv1::__forced_unwind
 .rodata._ZTIN10__cxxabiv119__foreign_exceptionE
                0x00000000100074ec        0x8 /usr/lib/gcc/arm-none-eabi/10.3.1/../../../arm-none-eabi/lib/thumb/v6-m/nofp/libstdc++.a(eh_exception.o)
                0x00000000100074ec                typeinfo for __cxxabiv1::__foreign_exception
 .rodata._ZTISt13bad_exception
                0x00000000100074f4        0xc /usr/lib/gcc/arm-none-eabi/10.3.1/../../../arm-none-eabi/lib/thumb/v6-m/nofp/libstdc++.a(eh_exception.o)
                0x00000000100074f4                typeinfo for std::bad_exception
 .rodata._ZTISt9exception
                0x0000000010007500        0x8 /usr/lib/gcc/arm-none-eabi/10.3.1/../../../arm-none-eabi/lib/thumb/v6-m/nofp/libstdc++.a(eh_exception.o)
                0x0000000010007500                typeinfo for std::exception
 .rodata._ZTSN10__cxxabiv115__forced_unwindE
                0x0000000010007508       0x20 /usr/lib/gcc/arm-none-eabi/10.3.1/../../../arm-none-eabi/lib/thumb/v6-m/nofp/libstdc++.a(eh_exception.o)
                0x0000000010007508                typeinfo name for __cxxabiv1::__forced_unwind
 .rodata._ZTSN10__cxxabiv119__foreign_exceptionE
                0x0000000010007528       0x24 /usr/lib/gcc/arm-none-eabi/10.3.1/../../../arm-none-eabi/lib/thumb/v6-m/nofp/libstdc++.a(eh_exception.o)
                0x0000000010007528                typeinfo name for __cxxabiv1::__foreign_exception
 .rodata._ZTSSt13bad_exception
                0x000000001000754c       0x12 /usr/lib/gcc/arm-none-eabi/10.3.1/../../../arm-none-eabi/lib/thumb/v6-m/nofp/libstdc++.a(eh_exception.o)
                0x000000001000754c                typeinfo name for std::bad_exception
 *fill*         0x000000001000755e        0x2 
 .rodata._ZTSSt9exception
                0x0000000010007560        0xd /usr/lib/gcc/arm-none-eabi/10.3.1/../../../arm-none-eabi/lib/thumb/v6-m/nofp/libstdc++.a(eh_exception.o)
                0x0000000010007560                typeinfo name for std::exception
 *fill*         0x000000001000756d        0x3 
 .rodata._ZTVSt13bad_exception
                0x0000000010007570       0x14 /usr/lib/gcc/arm-none-eabi/10.3.1/../../../arm-none-eabi/lib/thumb/v6-m/nofp/libstdc++.a(eh_exception.o)
                0x0000000010007570                vtable for std::bad_exception
 .rodata._ZL28read_encoded_value_with_basehjPKhPj
                0x0000000010007584       0x34 /usr/lib/gcc/arm-none-eabi/10.3.1/../../../arm-none-eabi/lib/thumb/v6-m/nofp/libstdc++.a(eh_personality.o)
 .rodata._ZTIN10__cxxabiv120__si_class_type_infoE
                0x00000000100075b8        0xc /usr/lib/gcc/arm-none-eabi/10.3.1/../../../arm-none-eabi/lib/thumb/v6-m/nofp/libstdc++.a(si_class_type_info.o)
                0x00000000100075b8                typeinfo for __cxxabiv1::__si_class_type_info
 .rodata._ZTSN10__cxxabiv120__si_class_type_infoE
                0x00000000100075c4       0x25 /usr/lib/gcc/arm-none-eabi/10.3.1/../../../arm-none-eabi/lib/thumb/v6-m/nofp/libstdc++.a(si_class_type_info.o)
                0x00000000100075c4                typeinfo name for __cxxabiv1::__si_class_type_info
 *fill*         0x00000000100075e9        0x3 
 .rodata._ZTVN10__cxxabiv120__si_class_type_infoE
                0x00000000100075ec       0x2c /usr/lib/gcc/arm-none-eabi/10.3.1/../../../arm-none-eabi/lib/thumb/v6-m/nofp/libstdc++.a(si_class_type_info.o)
                0x00000000100075ec                vtable for __cxxabiv1::__si_class_type_info
 .rodata._ZTISt9type_info
                0x0000000010007618        0x8 /usr/lib/gcc/arm-none-eabi/10.3.1/../../../arm-none-eabi/lib/thumb/v6-m/nofp/libstdc++.a(tinfo.o)
                0x0000000010007618                typeinfo for std::type_info
 .rodata._ZTSSt9type_info
                0x0000000010007620        0xd /usr/lib/gcc/arm-none-eabi/10.3.1/../../../arm-none-eabi/lib/thumb/v6-m/nofp/libstdc++.a(tinfo.o)
                0x0000000010007620                typeinfo name for std::type_info
 *fill*         0x000000001000762d        0x3 
 .rodata._ZTISt11logic_error
                0x0000000010007630        0xc /usr/lib/gcc/arm-none-eabi/10.3.1/../../../arm-none-eabi/lib/thumb/v6-m/nofp/libstdc++.a(stdexcept.o)
                0x0000000010007630                typeinfo for std::logic_error
 .rodata._ZTISt12length_error
                0x000000001000763c        0xc /usr/lib/gcc/arm-none-eabi/10.3.1/../../../arm-none-eabi/lib/thumb/v6-m/nofp/libstdc++.a(stdexcept.o)
                0x000000001000763c                typeinfo for std::length_error
 .rodata._ZTSSt11logic_error
                0x0000000010007648       0x10 /usr/lib/gcc/arm-none-eabi/10.3.1/../../../arm-none-eabi/lib/thumb/v6-m/nofp/libstdc++.a(stdexcept.o)
                0x0000000010007648                typeinfo name for std::logic_error
 .rodata._ZTSSt12length_error
                0x0000000010007658       0x11 /usr/lib/gcc/arm-none-eabi/10.3.1/../../../arm-none-eabi/lib/thumb/v6-m/nofp/libstdc++.a(stdexcept.o)
                0x0000000010007658                typeinfo name for std::length_error
 *fill*         0x0000000010007669        0x3 
 .rodata._ZTVSt11logic_error
                0x000000001000766c       0x14 /usr/lib/gcc/arm-none-eabi/10.3.1/../../../arm-none-eabi/lib/thumb/v6-m/nofp/libstdc++.a(stdexcept.o)
                0x000000001000766c                vtable for std::logic_error
 .rodata._ZTVSt12length_error
                0x0000000010007680       0x14 /usr/lib/gcc/arm-none-eabi/10.3.1/../../../arm-none-eabi/lib/thumb/v6-m/nofp/libstdc++.a(stdexcept.o)
                0x0000000010007680                vtable for std::length_error
 .rodata._ZNSt11logic_errorC2EPKc.str1.4
                0x0000000010007694       0x2a /usr/lib/gcc/arm-none-eabi/10.3.1/../../../arm-none-eabi/lib/thumb/v6-m/nofp/libstdc++.a(cow-stdexcept.o)
 *fill*         0x00000000100076be        0x2 
 .rodata._ZNSs4_Rep9_S_createEjjRKSaIcE.str1.4
                0x00000000100076c0       0x18 /usr/lib/gcc/arm-none-eabi/10.3.1/../../../arm-none-eabi/lib/thumb/v6-m/nofp/libstdc++.a(cow-string-inst.o)
 .rodata._ZTIN10__cxxabiv117__class_type_infoE
                0x00000000100076d8        0xc /usr/lib/gcc/arm-none-eabi/10.3.1/../../../arm-none-eabi/lib/thumb/v6-m/nofp/libstdc++.a(class_type_info.o)
                0x00000000100076d8                typeinfo for __cxxabiv1::__class_type_info
 .rodata._ZTSN10__cxxabiv117__class_type_infoE
                0x00000000100076e4       0x22 /usr/lib/gcc/arm-none-eabi/10.3.1/../../../arm-none-eabi/lib/thumb/v6-m/nofp/libstdc++.a(class_type_info.o)
                0x00000000100076e4                typeinfo name for __cxxabiv1::__class_type_info
 *fill*         0x0000000010007706        0x2 
 .rodata._ZTVN10__cxxabiv117__class_type_infoE
                0x0000000010007708       0x2c /usr/lib/gcc/arm-none-eabi/10.3.1/../../../arm-none-eabi/lib/thumb/v6-m/nofp/libstdc++.a(class_type_info.o)
                0x0000000010007708                vtable for __cxxabiv1::__class_type_info
 .rodata        0x0000000010007734      0x101 /usr/lib/gcc/arm-none-eabi/10.3.1/../../../arm-none-eabi/lib/thumb/v6-m/nofp/libc.a(lib_a-ctype_.o)
                0x0000000010007734                _ctype_
                0x0000000010007838                . = ALIGN (0x4)
 *fill*         0x0000000010007835        0x3 
 *(SORT_BY_ALIGNMENT(SORT_BY_NAME(.flashdata*)))
                0x0000000010007838                . = ALIGN (0x4)

.ARM.extab      0x0000000010007838      0x124
 *(.ARM.extab* .gnu.linkonce.armextab.*)
 .ARM.extab.text.unlikely._ZSt19__throw_logic_errorPKc
                0x0000000010007838       0x14 /usr/lib/gcc/arm-none-eabi/10.3.1/../../../arm-none-eabi/lib/thumb/v6-m/nofp/libstdc++.a(functexcept.o)
 .ARM.extab.text.unlikely._ZSt20__throw_length_errorPKc
                0x000000001000784c       0x14 /usr/lib/gcc/arm-none-eabi/10.3.1/../../../arm-none-eabi/lib/thumb/v6-m/nofp/libstdc++.a(functexcept.o)
 .ARM.extab.text._ZNSt7__cxx1112basic_stringIcSt11char_traitsIcESaIcEE9_M_createERjj
                0x0000000010007860        0x0 /usr/lib/gcc/arm-none-eabi/10.3.1/../../../arm-none-eabi/lib/thumb/v6-m/nofp/libstdc++.a(string-inst.o)
 .ARM.extab.text._ZNSt7__cxx1112basic_stringIcSt11char_traitsIcESaIcEE9_M_mutateEjjPKcj
                0x0000000010007860        0xc /usr/lib/gcc/arm-none-eabi/10.3.1/../../../arm-none-eabi/lib/thumb/v6-m/nofp/libstdc++.a(string-inst.o)
 .ARM.extab.text._ZNSt7__cxx1112basic_stringIcSt11char_traitsIcESaIcEE8_M_eraseEjj
                0x000000001000786c        0x0 /usr/lib/gcc/arm-none-eabi/10.3.1/../../../arm-none-eabi/lib/thumb/v6-m/nofp/libstdc++.a(string-inst.o)
 .ARM.extab.text._ZNSt7__cxx1112basic_stringIcSt11char_traitsIcESaIcEE9_M_appendEPKcj
                0x000000001000786c        0x0 /usr/lib/gcc/arm-none-eabi/10.3.1/../../../arm-none-eabi/lib/thumb/v6-m/nofp/libstdc++.a(string-inst.o)
 .ARM.extab.text.__cxa_type_match
                0x000000001000786c        0xc /usr/lib/gcc/arm-none-eabi/10.3.1/../../../arm-none-eabi/lib/thumb/v6-m/nofp/libstdc++.a(eh_arm.o)
 .ARM.extab.text.__cxa_begin_catch
                0x0000000010007878        0xc /usr/lib/gcc/arm-none-eabi/10.3.1/../../../arm-none-eabi/lib/thumb/v6-m/nofp/libstdc++.a(eh_catch.o)
 .ARM.extab.text._ZL28read_encoded_value_with_basehjPKhPj
                0x0000000010007884        0xc /usr/lib/gcc/arm-none-eabi/10.3.1/../../../arm-none-eabi/lib/thumb/v6-m/nofp/libstdc++.a(eh_personality.o)
 .ARM.extab.text.__gxx_personality_v0
                0x0000000010007890       0x28 /usr/lib/gcc/arm-none-eabi/10.3.1/../../../arm-none-eabi/lib/thumb/v6-m/nofp/libstdc++.a(eh_personality.o)
 .ARM.extab.text._ZN10__cxxabiv111__terminateEPFvvE
                0x00000000100078b8       0x28 /usr/lib/gcc/arm-none-eabi/10.3.1/../../../arm-none-eabi/lib/thumb/v6-m/nofp/libstdc++.a(eh_terminate.o)
 .ARM.extab.text._ZNK10__cxxabiv120__si_class_type_info12__do_dyncastEiNS_17__class_type_info10__sub_kindEPKS1_PKvS4_S6_RNS1_16__dyncast_resultE
                0x00000000100078e0        0xc /usr/lib/gcc/arm-none-eabi/10.3.1/../../../arm-none-eabi/lib/thumb/v6-m/nofp/libstdc++.a(si_class_type_info.o)
 .ARM.extab.text._ZNSt11logic_errorC2EPKc
                0x00000000100078ec       0x18 /usr/lib/gcc/arm-none-eabi/10.3.1/../../../arm-none-eabi/lib/thumb/v6-m/nofp/libstdc++.a(cow-stdexcept.o)
 .ARM.extab.text._ZNSs4_Rep9_S_createEjjRKSaIcE
                0x0000000010007904        0x0 /usr/lib/gcc/arm-none-eabi/10.3.1/../../../arm-none-eabi/lib/thumb/v6-m/nofp/libstdc++.a(cow-string-inst.o)
 .ARM.extab.text._ZNSs4_Rep10_M_destroyERKSaIcE
                0x0000000010007904        0x0 /usr/lib/gcc/arm-none-eabi/10.3.1/../../../arm-none-eabi/lib/thumb/v6-m/nofp/libstdc++.a(cow-string-inst.o)
 .ARM.extab.text.unlikely.__cxa_call_unexpected
                0x0000000010007904       0x28 /usr/lib/gcc/arm-none-eabi/10.3.1/../../../arm-none-eabi/lib/thumb/v6-m/nofp/libstdc++.a(eh_call.o)
 .ARM.extab     0x000000001000792c       0x24 /usr/lib/gcc/arm-none-eabi/10.3.1/thumb/v6-m/nofp/libgcc.a(unwind-arm.o)
 .ARM.extab     0x0000000010007950        0xc /usr/lib/gcc/arm-none-eabi/10.3.1/thumb/v6-m/nofp/libgcc.a(pr-support.o)
                0x000000001000795c                __exidx_start = .

.ARM.exidx      0x000000001000795c      0x1f8
 *(.ARM.exidx* .gnu.linkonce.armexidx.*)
 .ARM.exidx.text.unlikely._ZSt17__throw_bad_allocv
                0x000000001000795c        0x8 /usr/lib/gcc/arm-none-eabi/10.3.1/../../../arm-none-eabi/lib/thumb/v6-m/nofp/libstdc++.a(functexcept.o)
 .ARM.exidx.text.unlikely._ZSt19__throw_logic_errorPKc
                0x0000000010007964        0x8 /usr/lib/gcc/arm-none-eabi/10.3.1/../../../arm-none-eabi/lib/thumb/v6-m/nofp/libstdc++.a(functexcept.o)
 .ARM.exidx.text.unlikely._ZSt20__throw_length_errorPKc
                0x000000001000796c        0x8 /usr/lib/gcc/arm-none-eabi/10.3.1/../../../arm-none-eabi/lib/thumb/v6-m/nofp/libstdc++.a(functexcept.o)
 .ARM.exidx.text._ZNSt7__cxx1112basic_stringIcSt11char_traitsIcESaIcEE9_M_createERjj
                0x0000000010007974        0x8 /usr/lib/gcc/arm-none-eabi/10.3.1/../../../arm-none-eabi/lib/thumb/v6-m/nofp/libstdc++.a(string-inst.o)
 .ARM.exidx.text._ZNSt7__cxx1112basic_stringIcSt11char_traitsIcESaIcEE9_M_mutateEjjPKcj
                0x000000001000797c        0x8 /usr/lib/gcc/arm-none-eabi/10.3.1/../../../arm-none-eabi/lib/thumb/v6-m/nofp/libstdc++.a(string-inst.o)
 .ARM.exidx.text._ZNSt7__cxx1112basic_stringIcSt11char_traitsIcESaIcEE8_M_eraseEjj
                0x0000000010007984        0x8 /usr/lib/gcc/arm-none-eabi/10.3.1/../../../arm-none-eabi/lib/thumb/v6-m/nofp/libstdc++.a(string-inst.o)
 .ARM.exidx.text._ZNSt7__cxx1112basic_stringIcSt11char_traitsIcESaIcEE9_M_appendEPKcj
                0x000000001000798c        0x8 /usr/lib/gcc/arm-none-eabi/10.3.1/../../../arm-none-eabi/lib/thumb/v6-m/nofp/libstdc++.a(string-inst.o)
 .ARM.exidx.text._ZNKSt9bad_alloc4whatEv
                0x0000000010007994        0x8 /usr/lib/gcc/arm-none-eabi/10.3.1/../../../arm-none-eabi/lib/thumb/v6-m/nofp/libstdc++.a(bad_alloc.o)
 .ARM.exidx.text._ZNSt9bad_allocD2Ev
                0x000000001000799c        0x0 /usr/lib/gcc/arm-none-eabi/10.3.1/../../../arm-none-eabi/lib/thumb/v6-m/nofp/libstdc++.a(bad_alloc.o)
                                          0x8 (size before relaxing)
 .ARM.exidx.text._ZNSt9bad_allocD0Ev
                0x000000001000799c        0x0 /usr/lib/gcc/arm-none-eabi/10.3.1/../../../arm-none-eabi/lib/thumb/v6-m/nofp/libstdc++.a(bad_alloc.o)
                                          0x8 (size before relaxing)
 .ARM.exidx.text._ZN12_GLOBAL__N_14pool4freeEPv.constprop.0
                0x000000001000799c        0x0 /usr/lib/gcc/arm-none-eabi/10.3.1/../../../arm-none-eabi/lib/thumb/v6-m/nofp/libstdc++.a(eh_alloc.o)
                                          0x8 (size before relaxing)
 .ARM.exidx.text._ZN12_GLOBAL__N_14pool8allocateEj.constprop.0
                0x000000001000799c        0x0 /usr/lib/gcc/arm-none-eabi/10.3.1/../../../arm-none-eabi/lib/thumb/v6-m/nofp/libstdc++.a(eh_alloc.o)
                                          0x8 (size before relaxing)
 .ARM.exidx.text.__cxa_allocate_exception
                0x000000001000799c        0x0 /usr/lib/gcc/arm-none-eabi/10.3.1/../../../arm-none-eabi/lib/thumb/v6-m/nofp/libstdc++.a(eh_alloc.o)
                                          0x8 (size before relaxing)
 .ARM.exidx.text.__cxa_free_exception
                0x000000001000799c        0x0 /usr/lib/gcc/arm-none-eabi/10.3.1/../../../arm-none-eabi/lib/thumb/v6-m/nofp/libstdc++.a(eh_alloc.o)
                                          0x8 (size before relaxing)
 .ARM.exidx.text.startup._GLOBAL__sub_I__ZN9__gnu_cxx9__freeresEv
                0x000000001000799c        0x0 /usr/lib/gcc/arm-none-eabi/10.3.1/../../../arm-none-eabi/lib/thumb/v6-m/nofp/libstdc++.a(eh_alloc.o)
                                          0x8 (size before relaxing)
 .ARM.exidx.text.__cxa_type_match
                0x000000001000799c        0x8 /usr/lib/gcc/arm-none-eabi/10.3.1/../../../arm-none-eabi/lib/thumb/v6-m/nofp/libstdc++.a(eh_arm.o)
 .ARM.exidx.text.__cxa_begin_cleanup
                0x00000000100079a4        0x8 /usr/lib/gcc/arm-none-eabi/10.3.1/../../../arm-none-eabi/lib/thumb/v6-m/nofp/libstdc++.a(eh_arm.o)
 .ARM.exidx.text.__gnu_end_cleanup
                0x00000000100079ac        0x0 /usr/lib/gcc/arm-none-eabi/10.3.1/../../../arm-none-eabi/lib/thumb/v6-m/nofp/libstdc++.a(eh_arm.o)
                                          0x8 (size before relaxing)
 .ARM.exidx.text.__cxa_begin_catch
                0x00000000100079ac        0x8 /usr/lib/gcc/arm-none-eabi/10.3.1/../../../arm-none-eabi/lib/thumb/v6-m/nofp/libstdc++.a(eh_catch.o)
 .ARM.exidx.text.__cxa_end_catch
                0x00000000100079b4        0x8 /usr/lib/gcc/arm-none-eabi/10.3.1/../../../arm-none-eabi/lib/thumb/v6-m/nofp/libstdc++.a(eh_catch.o)
 .ARM.exidx.text._ZNSt9exceptionD2Ev
                0x00000000100079bc        0x8 /usr/lib/gcc/arm-none-eabi/10.3.1/../../../arm-none-eabi/lib/thumb/v6-m/nofp/libstdc++.a(eh_exception.o)
 .ARM.exidx.text._ZNSt13bad_exceptionD2Ev
                0x00000000100079c4        0x0 /usr/lib/gcc/arm-none-eabi/10.3.1/../../../arm-none-eabi/lib/thumb/v6-m/nofp/libstdc++.a(eh_exception.o)
                                          0x8 (size before relaxing)
 .ARM.exidx.text._ZNKSt13bad_exception4whatEv
                0x00000000100079c4        0x0 /usr/lib/gcc/arm-none-eabi/10.3.1/../../../arm-none-eabi/lib/thumb/v6-m/nofp/libstdc++.a(eh_exception.o)
                                          0x8 (size before relaxing)
 .ARM.exidx.text._ZNSt13bad_exceptionD0Ev
                0x00000000100079c4        0x0 /usr/lib/gcc/arm-none-eabi/10.3.1/../../../arm-none-eabi/lib/thumb/v6-m/nofp/libstdc++.a(eh_exception.o)
                                          0x8 (size before relaxing)
 .ARM.exidx.text.__cxa_get_globals_fast
                0x00000000100079c4        0x0 /usr/lib/gcc/arm-none-eabi/10.3.1/../../../arm-none-eabi/lib/thumb/v6-m/nofp/libstdc++.a(eh_globals.o)
                                          0x8 (size before relaxing)
 .ARM.exidx.text.__cxa_get_globals
                0x00000000100079c4        0x0 /usr/lib/gcc/arm-none-eabi/10.3.1/../../../arm-none-eabi/lib/thumb/v6-m/nofp/libstdc++.a(eh_globals.o)
                                          0x8 (size before relaxing)
 .ARM.exidx.text._ZL28read_encoded_value_with_basehjPKhPj
                0x00000000100079c4        0x8 /usr/lib/gcc/arm-none-eabi/10.3.1/../../../arm-none-eabi/lib/thumb/v6-m/nofp/libstdc++.a(eh_personality.o)
 .ARM.exidx.text._ZL21base_of_encoded_valuehP15_Unwind_Context
                0x00000000100079cc        0x8 /usr/lib/gcc/arm-none-eabi/10.3.1/../../../arm-none-eabi/lib/thumb/v6-m/nofp/libstdc++.a(eh_personality.o)
 .ARM.exidx.text._ZL17parse_lsda_headerP15_Unwind_ContextPKhP16lsda_header_info
                0x00000000100079d4        0x8 /usr/lib/gcc/arm-none-eabi/10.3.1/../../../arm-none-eabi/lib/thumb/v6-m/nofp/libstdc++.a(eh_personality.o)
 .ARM.exidx.text.__gxx_personality_v0
                0x00000000100079dc        0x8 /usr/lib/gcc/arm-none-eabi/10.3.1/../../../arm-none-eabi/lib/thumb/v6-m/nofp/libstdc++.a(eh_personality.o)
 .ARM.exidx.text._ZN10__cxxabiv111__terminateEPFvvE
                0x00000000100079e4        0x8 /usr/lib/gcc/arm-none-eabi/10.3.1/../../../arm-none-eabi/lib/thumb/v6-m/nofp/libstdc++.a(eh_terminate.o)
 .ARM.exidx.text._ZSt9terminatev
                0x00000000100079ec        0x8 /usr/lib/gcc/arm-none-eabi/10.3.1/../../../arm-none-eabi/lib/thumb/v6-m/nofp/libstdc++.a(eh_terminate.o)
 .ARM.exidx.text._ZN10__cxxabiv112__unexpectedEPFvvE
                0x00000000100079f4        0x8 /usr/lib/gcc/arm-none-eabi/10.3.1/../../../arm-none-eabi/lib/thumb/v6-m/nofp/libstdc++.a(eh_terminate.o)
 .ARM.exidx.text._ZSt10unexpectedv
                0x00000000100079fc        0x0 /usr/lib/gcc/arm-none-eabi/10.3.1/../../../arm-none-eabi/lib/thumb/v6-m/nofp/libstdc++.a(eh_terminate.o)
                                          0x8 (size before relaxing)
 .ARM.exidx.text._ZSt13get_terminatev
                0x00000000100079fc        0x8 /usr/lib/gcc/arm-none-eabi/10.3.1/../../../arm-none-eabi/lib/thumb/v6-m/nofp/libstdc++.a(eh_terminate.o)
 .ARM.exidx.text._ZSt14get_unexpectedv
                0x0000000010007a04        0x0 /usr/lib/gcc/arm-none-eabi/10.3.1/../../../arm-none-eabi/lib/thumb/v6-m/nofp/libstdc++.a(eh_terminate.o)
                                          0x8 (size before relaxing)
 .ARM.exidx.text._ZL23__gxx_exception_cleanup19_Unwind_Reason_CodeP21_Unwind_Control_Block
                0x0000000010007a04        0x8 /usr/lib/gcc/arm-none-eabi/10.3.1/../../../arm-none-eabi/lib/thumb/v6-m/nofp/libstdc++.a(eh_throw.o)
 .ARM.exidx.text.__cxa_init_primary_exception
                0x0000000010007a0c        0x8 /usr/lib/gcc/arm-none-eabi/10.3.1/../../../arm-none-eabi/lib/thumb/v6-m/nofp/libstdc++.a(eh_throw.o)
 .ARM.exidx.text.__cxa_throw
                0x0000000010007a14        0x8 /usr/lib/gcc/arm-none-eabi/10.3.1/../../../arm-none-eabi/lib/thumb/v6-m/nofp/libstdc++.a(eh_throw.o)
 .ARM.exidx.text.__cxa_rethrow
                0x0000000010007a1c        0x8 /usr/lib/gcc/arm-none-eabi/10.3.1/../../../arm-none-eabi/lib/thumb/v6-m/nofp/libstdc++.a(eh_throw.o)
 .ARM.exidx.text._ZN10__cxxabiv120__si_class_type_infoD2Ev
                0x0000000010007a24        0x8 /usr/lib/gcc/arm-none-eabi/10.3.1/../../../arm-none-eabi/lib/thumb/v6-m/nofp/libstdc++.a(si_class_type_info.o)
 .ARM.exidx.text._ZN10__cxxabiv120__si_class_type_infoD0Ev
                0x0000000010007a2c        0x0 /usr/lib/gcc/arm-none-eabi/10.3.1/../../../arm-none-eabi/lib/thumb/v6-m/nofp/libstdc++.a(si_class_type_info.o)
                                          0x8 (size before relaxing)
 .ARM.exidx.text._ZNK10__cxxabiv120__si_class_type_info20__do_find_public_srcEiPKvPKNS_17__class_type_infoES2_
                0x0000000010007a2c        0x8 /usr/lib/gcc/arm-none-eabi/10.3.1/../../../arm-none-eabi/lib/thumb/v6-m/nofp/libstdc++.a(si_class_type_info.o)
 .ARM.exidx.text._ZNK10__cxxabiv120__si_class_type_info12__do_dyncastEiNS_17__class_type_info10__sub_kindEPKS1_PKvS4_S6_RNS1_16__dyncast_resultE
                0x0000000010007a34        0x8 /usr/lib/gcc/arm-none-eabi/10.3.1/../../../arm-none-eabi/lib/thumb/v6-m/nofp/libstdc++.a(si_class_type_info.o)
 .ARM.exidx.text._ZNK10__cxxabiv120__si_class_type_info11__do_upcastEPKNS_17__class_type_infoEPKvRNS1_15__upcast_resultE